seed 0: does not qualify
seed 1: does not qualify
seed 2: QUALIFIES t0=41 |I0|=20 h0=2 eigengap=1.39  (0.4s elapsed)
seed 3: QUALIFIES t0=8 |I0|=19 h0=0 eigengap=9.73  (0.4s elapsed)
seed 4: QUALIFIES t0=5 |I0|=20 h0=2 eigengap=10.35  (0.5s elapsed)
seed 5: does not qualify
seed 6: does not qualify
seed 7: does not qualify
seed 8: QUALIFIES t0=4 |I0|=20 h0=0 eigengap=10.42  (0.8s elapsed)
seed 9: QUALIFIES t0=27 |I0|=19 h0=3 eigengap=132.47  (0.9s elapsed)
seed 10: QUALIFIES t0=4 |I0|=20 h0=3 eigengap=20.94  (1.0s elapsed)
seed 11: QUALIFIES t0=6 |I0|=20 h0=1 eigengap=12.84  (1.1s elapsed)
seed 12: does not qualify
seed 13: QUALIFIES t0=10 |I0|=14 h0=1 eigengap=15.53  (1.3s elapsed)
seed 14: QUALIFIES t0=4 |I0|=20 h0=0 eigengap=1.12  (1.3s elapsed)
seed 15: does not qualify
seed 16: QUALIFIES t0=6 |I0|=20 h0=0 eigengap=9.10  (1.5s elapsed)

Found 10 qualifying flocks from seeds 0..16
  seed 2 A_degree               k= 9 mean_Hstar_end=0.847 p_success=0.667 p_succ&integrity(full)=0.000 p_succ&integrity(recovery)=0.133  (6.6s elapsed)
  seed 2 B_leverage             k= 9 mean_Hstar_end=0.902 p_success=0.767 p_succ&integrity(full)=0.000 p_succ&integrity(recovery)=0.100  (7.2s elapsed)
  seed 2 C_patch                k= 9 mean_Hstar_end=0.770 p_success=0.600 p_succ&integrity(full)=0.000 p_succ&integrity(recovery)=0.100  (7.7s elapsed)
  seed 2 D_random               k= 9 mean_Hstar_end=0.823 p_success=0.700 p_succ&integrity(full)=0.000 p_succ&integrity(recovery)=0.133  (8.3s elapsed)
  seed 2 reference_full_shell   k=12 mean_Hstar_end=0.980 p_success=0.933 p_succ&integrity(full)=0.000 p_succ&integrity(recovery)=0.067  (8.9s elapsed)
  seed 2 reference_baseline     k= 0 mean_Hstar_end=0.000 p_success=0.000 p_succ&integrity(full)=0.000 p_succ&integrity(recovery)=0.000  (9.4s elapsed)
  seed 3 A_degree               k=11 mean_Hstar_end=1.000 p_success=1.000 p_succ&integrity(full)=0.000 p_succ&integrity(recovery)=0.000  (15.3s elapsed)
  seed 3 B_leverage             k=11 mean_Hstar_end=0.958 p_success=0.900 p_succ&integrity(full)=0.000 p_succ&integrity(recovery)=0.000  (15.9s elapsed)
  seed 3 C_patch                k=11 mean_Hstar_end=1.000 p_success=1.000 p_succ&integrity(full)=0.000 p_succ&integrity(recovery)=0.000  (16.5s elapsed)
  seed 3 D_random               k=11 mean_Hstar_end=1.000 p_success=1.000 p_succ&integrity(full)=0.000 p_succ&integrity(recovery)=0.000  (17.1s elapsed)
  seed 3 reference_full_shell   k=14 mean_Hstar_end=1.000 p_success=1.000 p_succ&integrity(full)=0.000 p_succ&integrity(recovery)=0.000  (17.6s elapsed)
  seed 3 reference_baseline     k= 0 mean_Hstar_end=0.007 p_success=0.000 p_succ&integrity(full)=0.000 p_succ&integrity(recovery)=0.000  (18.2s elapsed)
  seed 4 A_degree               k=13 mean_Hstar_end=0.922 p_success=0.833 p_succ&integrity(full)=0.000 p_succ&integrity(recovery)=0.133  (27.4s elapsed)
  seed 4 B_leverage             k=13 mean_Hstar_end=0.937 p_success=0.867 p_succ&integrity(full)=0.000 p_succ&integrity(recovery)=0.167  (28.1s elapsed)
  seed 4 C_patch                k=13 mean_Hstar_end=0.937 p_success=0.967 p_succ&integrity(full)=0.000 p_succ&integrity(recovery)=0.033  (28.7s elapsed)
  seed 4 D_random               k=13 mean_Hstar_end=0.892 p_success=0.767 p_succ&integrity(full)=0.000 p_succ&integrity(recovery)=0.067  (29.3s elapsed)
  seed 4 reference_full_shell   k=17 mean_Hstar_end=0.987 p_success=0.967 p_succ&integrity(full)=0.000 p_succ&integrity(recovery)=0.100  (29.9s elapsed)
  seed 4 reference_baseline     k= 0 mean_Hstar_end=0.000 p_success=0.000 p_succ&integrity(full)=0.000 p_succ&integrity(recovery)=0.000  (30.5s elapsed)
  seed 8 A_degree               k=10 mean_Hstar_end=0.968 p_success=0.900 p_succ&integrity(full)=0.000 p_succ&integrity(recovery)=0.367  (36.5s elapsed)
  seed 8 B_leverage             k=10 mean_Hstar_end=0.963 p_success=0.900 p_succ&integrity(full)=0.000 p_succ&integrity(recovery)=0.167  (37.1s elapsed)
  seed 8 C_patch                k=10 mean_Hstar_end=0.585 p_success=0.200 p_succ&integrity(full)=0.000 p_succ&integrity(recovery)=0.000  (37.7s elapsed)
  seed 8 D_random               k=10 mean_Hstar_end=0.933 p_success=0.867 p_succ&integrity(full)=0.000 p_succ&integrity(recovery)=0.233  (38.3s elapsed)
  seed 8 reference_full_shell   k=13 mean_Hstar_end=0.978 p_success=0.933 p_succ&integrity(full)=0.000 p_succ&integrity(recovery)=0.200  (38.9s elapsed)
  seed 8 reference_baseline     k= 0 mean_Hstar_end=0.000 p_success=0.000 p_succ&integrity(full)=0.000 p_succ&integrity(recovery)=0.000  (39.5s elapsed)
  seed 9 A_degree               k=15 mean_Hstar_end=0.991 p_success=1.000 p_succ&integrity(full)=0.000 p_succ&integrity(recovery)=0.100  (48.0s elapsed)
  seed 9 B_leverage             k=15 mean_Hstar_end=0.996 p_success=1.000 p_succ&integrity(full)=0.000 p_succ&integrity(recovery)=0.233  (48.6s elapsed)
  seed 9 C_patch                k=15 mean_Hstar_end=0.784 p_success=0.467 p_succ&integrity(full)=0.000 p_succ&integrity(recovery)=0.000  (49.2s elapsed)
  seed 9 D_random               k=15 mean_Hstar_end=0.991 p_success=0.967 p_succ&integrity(full)=0.000 p_succ&integrity(recovery)=0.267  (49.9s elapsed)
  seed 9 reference_full_shell   k=20 mean_Hstar_end=1.000 p_success=1.000 p_succ&integrity(full)=0.000 p_succ&integrity(recovery)=0.133  (50.5s elapsed)
  seed 9 reference_baseline     k= 0 mean_Hstar_end=0.000 p_success=0.000 p_succ&integrity(full)=0.000 p_succ&integrity(recovery)=0.000  (51.1s elapsed)
  seed 10 A_degree               k=20 mean_Hstar_end=1.000 p_success=1.000 p_succ&integrity(full)=0.000 p_succ&integrity(recovery)=0.000  (63.7s elapsed)
  seed 10 B_leverage             k=20 mean_Hstar_end=0.997 p_success=1.000 p_succ&integrity(full)=0.000 p_succ&integrity(recovery)=0.000  (64.3s elapsed)
  seed 10 C_patch                k=20 mean_Hstar_end=0.998 p_success=1.000 p_succ&integrity(full)=0.000 p_succ&integrity(recovery)=0.000  (64.9s elapsed)
  seed 10 D_random               k=20 mean_Hstar_end=1.000 p_success=1.000 p_succ&integrity(full)=0.000 p_succ&integrity(recovery)=0.000  (65.5s elapsed)
  seed 10 reference_full_shell   k=26 mean_Hstar_end=1.000 p_success=1.000 p_succ&integrity(full)=0.000 p_succ&integrity(recovery)=0.000  (66.1s elapsed)
  seed 10 reference_baseline     k= 0 mean_Hstar_end=0.090 p_success=0.000 p_succ&integrity(full)=0.000 p_succ&integrity(recovery)=0.000  (66.7s elapsed)
  seed 11 A_degree               k=14 mean_Hstar_end=1.000 p_success=1.000 p_succ&integrity(full)=0.000 p_succ&integrity(recovery)=0.067  (74.5s elapsed)
  seed 11 B_leverage             k=14 mean_Hstar_end=1.000 p_success=1.000 p_succ&integrity(full)=0.000 p_succ&integrity(recovery)=0.033  (75.1s elapsed)
  seed 11 C_patch                k=14 mean_Hstar_end=0.815 p_success=0.633 p_succ&integrity(full)=0.000 p_succ&integrity(recovery)=0.067  (75.6s elapsed)
  seed 11 D_random               k=14 mean_Hstar_end=1.000 p_success=1.000 p_succ&integrity(full)=0.000 p_succ&integrity(recovery)=0.033  (76.3s elapsed)
  seed 11 reference_full_shell   k=18 mean_Hstar_end=1.000 p_success=1.000 p_succ&integrity(full)=0.000 p_succ&integrity(recovery)=0.033  (76.9s elapsed)
  seed 11 reference_baseline     k= 0 mean_Hstar_end=0.005 p_success=0.000 p_succ&integrity(full)=0.000 p_succ&integrity(recovery)=0.000  (77.5s elapsed)
  seed 13 A_degree               k=13 mean_Hstar_end=1.000 p_success=1.000 p_succ&integrity(full)=0.000 p_succ&integrity(recovery)=0.000  (84.9s elapsed)
  seed 13 B_leverage             k=13 mean_Hstar_end=1.000 p_success=1.000 p_succ&integrity(full)=0.000 p_succ&integrity(recovery)=0.000  (85.5s elapsed)
  seed 13 C_patch                k=13 mean_Hstar_end=1.000 p_success=1.000 p_succ&integrity(full)=0.000 p_succ&integrity(recovery)=0.000  (86.1s elapsed)
  seed 13 D_random               k=13 mean_Hstar_end=1.000 p_success=1.000 p_succ&integrity(full)=0.000 p_succ&integrity(recovery)=0.000  (86.8s elapsed)
  seed 13 reference_full_shell   k=17 mean_Hstar_end=1.000 p_success=1.000 p_succ&integrity(full)=0.000 p_succ&integrity(recovery)=0.000  (87.4s elapsed)
  seed 13 reference_baseline     k= 0 mean_Hstar_end=0.276 p_success=0.100 p_succ&integrity(full)=0.000 p_succ&integrity(recovery)=0.000  (88.0s elapsed)
  seed 14 A_degree               k=13 mean_Hstar_end=1.000 p_success=1.000 p_succ&integrity(full)=0.000 p_succ&integrity(recovery)=0.200  (97.1s elapsed)
  seed 14 B_leverage             k=13 mean_Hstar_end=1.000 p_success=1.000 p_succ&integrity(full)=0.000 p_succ&integrity(recovery)=0.167  (97.7s elapsed)
  seed 14 C_patch                k=13 mean_Hstar_end=0.988 p_success=1.000 p_succ&integrity(full)=0.000 p_succ&integrity(recovery)=0.100  (98.4s elapsed)
  seed 14 D_random               k=13 mean_Hstar_end=1.000 p_success=1.000 p_succ&integrity(full)=0.000 p_succ&integrity(recovery)=0.167  (99.0s elapsed)
  seed 14 reference_full_shell   k=17 mean_Hstar_end=1.000 p_success=1.000 p_succ&integrity(full)=0.000 p_succ&integrity(recovery)=0.233  (99.6s elapsed)
  seed 14 reference_baseline     k= 0 mean_Hstar_end=0.000 p_success=0.000 p_succ&integrity(full)=0.000 p_succ&integrity(recovery)=0.000  (100.2s elapsed)
  seed 16 A_degree               k=12 mean_Hstar_end=0.998 p_success=1.000 p_succ&integrity(full)=0.000 p_succ&integrity(recovery)=0.167  (107.6s elapsed)
  seed 16 B_leverage             k=12 mean_Hstar_end=0.985 p_success=0.967 p_succ&integrity(full)=0.000 p_succ&integrity(recovery)=0.200  (108.3s elapsed)
  seed 16 C_patch                k=12 mean_Hstar_end=0.977 p_success=0.967 p_succ&integrity(full)=0.000 p_succ&integrity(recovery)=0.067  (108.9s elapsed)
  seed 16 D_random               k=12 mean_Hstar_end=0.940 p_success=0.900 p_succ&integrity(full)=0.000 p_succ&integrity(recovery)=0.000  (109.5s elapsed)
  seed 16 reference_full_shell   k=16 mean_Hstar_end=1.000 p_success=1.000 p_succ&integrity(full)=0.000 p_succ&integrity(recovery)=0.133  (110.2s elapsed)
  seed 16 reference_baseline     k= 0 mean_Hstar_end=0.040 p_success=0.000 p_succ&integrity(full)=0.000 p_succ&integrity(recovery)=0.000  (110.8s elapsed)

=== Summary across flocks ===
A_degree              : mean P(success) across 10 flocks = 0.940  (per-flock: [0.67, 1.0, 0.83, 0.9, 1.0, 1.0, 1.0, 1.0, 1.0, 1.0])
B_leverage            : mean P(success) across 10 flocks = 0.940  (per-flock: [0.77, 0.9, 0.87, 0.9, 1.0, 1.0, 1.0, 1.0, 1.0, 0.97])
C_patch               : mean P(success) across 10 flocks = 0.783  (per-flock: [0.6, 1.0, 0.97, 0.2, 0.47, 1.0, 0.63, 1.0, 1.0, 0.97])
D_random              : mean P(success) across 10 flocks = 0.920  (per-flock: [0.7, 1.0, 0.77, 0.87, 0.97, 1.0, 1.0, 1.0, 1.0, 0.9])
reference_full_shell  : mean P(success) across 10 flocks = 0.983  (per-flock: [0.93, 1.0, 0.97, 0.93, 1.0, 1.0, 1.0, 1.0, 1.0, 1.0])
