
=== run_graph_pipeline start 2026-09-07 23:56:17 n_jobs=8 n_boot=30 shortlist_k=25 ===

=== run_graph_pipeline start 2026-09-07 23:57:18 n_jobs=8 n_boot=30 shortlist_k=25 ===
[1/15] seed2_no_control elapsed=89.1s
[1/15] seed2_no_control elapsed=146.4s
[2/15] seed2_shell_only elapsed=140.1s
[3/15] seed2_same_direction elapsed=99.6s
[2/15] seed2_shell_only elapsed=121.3s
[3/15] seed2_same_direction elapsed=120.9s
[4/15] seed2_opposite elapsed=149.7s
[4/15] seed2_opposite elapsed=152.2s
[5/15] seed2_disordered elapsed=154.0s
[5/15] seed2_disordered elapsed=146.1s
[6/15] seed3_no_control elapsed=409.3s
[6/15] seed3_no_control elapsed=406.8s
[7/15] seed3_shell_only elapsed=110.3s
[8/15] seed3_same_direction elapsed=73.5s
[9/15] seed3_opposite elapsed=60.8s
[10/15] seed3_disordered elapsed=293.2s
[11/15] seed4_no_control elapsed=321.8s
[12/15] seed4_shell_only elapsed=271.4s
[13/15] seed4_same_direction elapsed=263.7s
[14/15] seed4_opposite elapsed=158.7s
[15/15] seed4_disordered elapsed=324.7s
=== run_graph_pipeline done, total 2974.7s ===
