=== PART 12: ramp-shape robustness (linear / smoothstep / smootherstep), K=3 ===
Grid (24 points, reduced from the primary 94-pt smoothstep grid for compute budget -- fixed before running, not chosen post hoc): [0.001, 0.001523, 0.00232, 0.003535, 0.005385, 0.008202, 0.012495, 0.019033, 0.028994, 0.044166, 0.067279, 0.102486, 0.156118, 0.237816, 0.362268, 0.551845, 0.840631, 1.28054, 1.950657, 2.971452, 4.526437, 6.89516, 10.503454, 16.0]
Shape-robustness sweep done in 34.1s (72 runs).
Saved /home/hridai/code/graded-mb/stage5/data/rate_induced_audit/shape_robustness_table.csv
  shape=linear: max_t Lambda_3 full-event peak = 4.2226e-05 at T_ramp=0.005385; T_ramp->0 plateau value = 4.2187e-05; monotone-nonincreasing after the peak index: False
  shape=smoothstep: max_t Lambda_3 full-event peak = 4.2227e-05 at T_ramp=0.005385; T_ramp->0 plateau value = 4.2187e-05; monotone-nonincreasing after the peak index: False
  shape=smootherstep: max_t Lambda_3 full-event peak = 4.2227e-05 at T_ramp=0.005385; T_ramp->0 plateau value = 4.2187e-05; monotone-nonincreasing after the peak index: False

=== PART 15: numerical convergence cross-check ===
NOTE: an earlier version of this check (naive rtol/atol tightening with NO max_step cap) found a spurious 100% collapse at T_ramp=0.02/0.2/0.25 -- traced to RK45's adaptive step control occasionally ALIASING OVER the narrow forced transient entirely when unconstrained (fewer function evaluations at the 'tighter' tolerance than at baseline is the signature of this failure mode). Fixed by capping max_step at T_ramp/20 (baseline) and T_ramp/100 (refinement) -- see rate_induced_audit_core.run_extended and dynamics.integrate's new additive max_step parameter (default None, so ALL other Stage-5 code is unaffected).
  T_ramp=0.02: baseline=4.220205e-05  tighter_tol(1e-10/1e-12)=4.220205e-05 (absdiff=1.04e-12, reldiff=2.46e-08)  denser_grid(4000pt)=4.220205e-05 (absdiff=0.00e+00, reldiff=0.00e+00)
  T_ramp=0.2: baseline=3.830246e-05  tighter_tol(1e-10/1e-12)=3.830246e-05 (absdiff=3.07e-12, reldiff=8.01e-08)  denser_grid(4000pt)=3.830246e-05 (absdiff=0.00e+00, reldiff=0.00e+00)
  T_ramp=0.25: baseline=3.568167e-05  tighter_tol(1e-10/1e-12)=3.568167e-05 (absdiff=7.61e-13, reldiff=2.13e-08)  denser_grid(4000pt)=3.569435e-05 (absdiff=1.27e-08, reldiff=3.55e-04)
  T_ramp=1: baseline=1.299962e-05  tighter_tol(1e-10/1e-12)=1.299962e-05 (absdiff=9.80e-13, reldiff=7.54e-08)  denser_grid(4000pt)=1.300108e-05 (absdiff=1.46e-09, reldiff=1.12e-04)
  T_ramp=8: baseline=4.383817e-07  tighter_tol(1e-10/1e-12)=4.383816e-07 (absdiff=1.05e-13, reldiff=2.39e-07)  denser_grid(4000pt)=4.383813e-07 (absdiff=4.05e-13, reldiff=9.24e-07)
Saved /home/hridai/code/graded-mb/stage5/data/rate_induced_audit/numerical_convergence_table.csv

=== PART 10: conditional-precision decomposition at the two-bump peaks (T_ramp=0.2) ===
  primary (near ramp end): t=0.2082 z=+1.0000 Kdelta=3.0 L1=6.615e-02 L2=1.551e-02 L3=3.830e-05 L4=1.487e-05  minimizing B(K=3)=(4, 5, 6)
    dominant |Delta K|_{I,E} entries (node_i, node_j, value), for E=[7, 8]:
      (3,8): 1.0433e-02
      (3,7): 1.0433e-02
      (2,8): 1.0433e-02
      (2,7): 1.0433e-02
      (1,7): 1.0433e-02
      (1,8): 1.0433e-02
  secondary (post-ramp echo): t=0.5444 z=+1.0000 Kdelta=2.0 L1=4.339e-02 L2=9.596e-05 L3=4.339e-06 L4=1.688e-06  minimizing B(K=3)=(4, 5, 6)
    dominant |Delta K|_{I,E} entries (node_i, node_j, value), for E=[7, 8]:
      (1,7): -3.5758e-03
      (2,8): -3.5758e-03
      (1,8): -3.5758e-03
      (2,7): -3.5758e-03
      (3,7): -3.5758e-03
      (3,8): -3.5758e-03
Saved /home/hridai/code/graded-mb/stage5/data/rate_induced_audit/precision_lag_peak_table.csv

=== PART 13: actual vs quasi-static Lambda_2/Lambda_3, representative T_ramp=0.5 ===
  max_t Delta-Lambda_2 (actual - quasi-static) = 1.9975e-02
  max_t Delta-Lambda_3 (actual - quasi-static) = 2.4140e-05 (quasi-static Lambda_3^*=0 along this path, so Delta_Lambda_3 = actual leakage exactly)
Saved quasistatic_decomposition.npz

rate_induced_audit_run2.py complete.
