merged 6 cells
f0.25_T12    meanH=0.176 >=hi:0.00 <=lo:0.33
f0.25_T24    meanH=0.307 >=hi:0.17 <=lo:0.25
f0.5_T12     meanH=0.296 >=hi:0.08 <=lo:0.08
f0.5_T24     meanH=0.585 >=hi:0.58 <=lo:0.17
f0.75_T12    meanH=0.443 >=hi:0.33 <=lo:0.08
f0.75_T24    meanH=0.711 >=hi:0.67 <=lo:0.00
cell           meanH   >=0.60   <=0.10   qualifies
f0.25 T12      0.176     0.00     0.33   no
f0.25 T24      0.307     0.17     0.25   no
f0.5  T12      0.296     0.08     0.08   no
f0.5  T24      0.585     0.58     0.17   yes
f0.75 T12      0.443     0.33     0.08   no
f0.75 T24      0.711     0.67     0.00   yes

FROZEN CELL: actuator fraction 0.5, horizon 24   (reliability established at cell level: True)
PRIMARY EPISODES (7): [1, 3, 4, 7, 8, 9, 11]
EXCLUDED  (5): [0, 2, 5, 6, 10]
merged 7 episodes -> closed_loop__main.json

==============================================================================
arm                        meanH    succ  taskOK   valid   meanA
full_model_benchmark       0.637    0.43    0.57    0.71     8.4
adaptive_causal            0.238    0.14    0.14    0.86     4.0
full_info_heuristic        0.352    0.29    0.29    1.00     3.4
frozen_causal              0.262    0.29    0.29    0.86     3.6
predictive                 0.275    0.14    0.14    0.86     8.4
random_matched             0.410    0.14    0.29    0.86     8.4
no_control                 0.130    0.00    0.00    0.86     0.0
merged 7 episodes -> closed_loop__fixedk.json

==============================================================================
arm                        meanH    succ  taskOK   valid   meanA
full_model_benchmark       0.813    0.71    0.71    0.86    11.0
adaptive_causal            0.741    0.43    0.71    0.71    11.0
full_info_heuristic        0.752    0.86    0.86    0.86    11.0
frozen_causal              0.603    0.29    0.57    0.71    11.0
predictive                 0.316    0.14    0.14    0.71    11.0
random_matched             0.532    0.14    0.29    0.57    11.0
no_control                 0.130    0.00    0.00    0.86     0.0
PIPELINE COMPLETE 18:01
merged 7 episodes -> closed_loop__fixedk.json

==============================================================================
arm                        meanH    succ  taskOK   valid   meanA
full_model_benchmark       0.813    0.71    0.71    0.86    11.0
adaptive_causal            0.741    0.43    0.71    0.71    11.0
full_info_heuristic        0.752    0.86    0.86    0.86    11.0
frozen_causal              0.603    0.29    0.57    0.71    11.0
predictive                 0.316    0.14    0.14    0.71    11.0
random_matched             0.532    0.14    0.29    0.57    11.0
no_control                 0.130    0.00    0.00    0.86     0.0
