seed 15   adaptive_causal    final=0.218 meanA=6.6 [63s]
seed 15   no_control         final=0.000 meanA=0.0 [12s]
seed 15   frozen_causal      final=0.015 meanA=3.0 [25s]
seed 15   adaptive_oracle    final=0.105 meanA=11.0 [20s]
seed 15   predictive         final=0.008 meanA=3.8 [16s]
seed 15   random_matched     final=0.030 meanA=6.6 [15s]
seed 16   adaptive_causal    final=0.143 meanA=5.2 [55s]
seed 16   no_control         final=0.000 meanA=0.0 [11s]
seed 16   frozen_causal      final=0.219 meanA=4.0 [24s]
seed 16   adaptive_oracle    final=0.400 meanA=9.0 [19s]
seed 16   predictive         final=0.086 meanA=5.2 [16s]
seed 16   random_matched     final=0.000 meanA=5.2 [16s]
seed 17   adaptive_causal    final=0.407 meanA=9.4 [53s]
seed 17   no_control         final=0.009 meanA=0.0 [12s]
seed 17   frozen_causal      final=0.509 meanA=10.0 [23s]
seed 17   adaptive_oracle    final=0.194 meanA=11.0 [20s]
seed 17   predictive         final=0.602 meanA=8.6 [17s]
seed 17   random_matched     final=0.361 meanA=9.4 [16s]
seed 22   adaptive_causal    final=0.454 meanA=7.0 [60s]
seed 22   no_control         final=0.303 meanA=0.0 [12s]
seed 22   frozen_causal      final=0.462 meanA=5.0 [25s]
seed 22   adaptive_oracle    final=0.571 meanA=9.3 [22s]
seed 22   predictive         final=0.378 meanA=5.0 [16s]
seed 22   random_matched     final=0.832 meanA=7.0 [16s]
seed 70   adaptive_causal    final=0.646 meanA=8.8 [57s]
seed 70   no_control         final=0.077 meanA=0.0 [12s]
seed 70   frozen_causal      final=0.431 meanA=8.0 [26s]
seed 70   adaptive_oracle    final=0.562 meanA=13.1 [20s]
seed 70   predictive         final=0.254 meanA=3.0 [16s]
seed 70   random_matched     final=0.292 meanA=8.8 [16s]
seed 71   adaptive_causal    final=0.991 meanA=5.4 [66s]
seed 71   no_control         final=0.000 meanA=0.0 [12s]
seed 71   frozen_causal      final=0.991 meanA=7.0 [25s]
seed 71   adaptive_oracle    final=0.885 meanA=15.0 [20s]
seed 71   predictive         final=0.044 meanA=4.0 [15s]
seed 71   random_matched     final=0.575 meanA=5.4 [15s]
seed 172  adaptive_causal    final=0.507 meanA=10.2 [58s]
seed 172  no_control         final=0.127 meanA=0.0 [13s]
seed 172  frozen_causal      final=0.366 meanA=9.0 [25s]
seed 172  adaptive_oracle    final=0.448 meanA=12.2 [20s]
seed 172  predictive         final=0.231 meanA=2.0 [17s]
seed 172  random_matched     final=0.284 meanA=10.2 [16s]
seed 192  adaptive_causal    final=0.543 meanA=8.6 [57s]
seed 192  no_control         final=0.000 meanA=0.0 [11s]
seed 192  frozen_causal      final=0.193 meanA=4.0 [24s]
seed 192  adaptive_oracle    final=0.121 meanA=9.4 [20s]
seed 192  predictive         final=0.000 meanA=0.0 [11s]
seed 192  random_matched     final=0.221 meanA=8.6 [16s]
wrote /home/hkhurana/work/code/fuzzy-blankets/stage6_flock/stage6_10_emergence_adaptive_control/data/audit_trace.json
