[dev] seed 15   adaptive_causal   final_target_frac=0.218 mean_actuators=6.6 |I_final|=95
[dev] seed 15   no_control        final_target_frac=0.000 mean_actuators=0.0 |I_final|=140
[dev] seed 15   frozen_causal     final_target_frac=0.015 mean_actuators=3.0 |I_final|=124
[dev] seed 15   adaptive_oracle   final_target_frac=0.105 mean_actuators=11.0 |I_final|=117
[dev] seed 15   predictive        final_target_frac=0.008 mean_actuators=3.8 |I_final|=118
[dev] seed 15   random_matched    final_target_frac=0.030 mean_actuators=6.6 |I_final|=129
[dev] seed 17   adaptive_causal   final_target_frac=0.407 mean_actuators=9.4 |I_final|=61
[dev] seed 17   no_control        final_target_frac=0.009 mean_actuators=0.0 |I_final|=151
[dev] seed 17   frozen_causal     final_target_frac=0.509 mean_actuators=10.0 |I_final|=63
[dev] seed 17   adaptive_oracle   final_target_frac=0.194 mean_actuators=11.0 |I_final|=84
[dev] seed 17   predictive        final_target_frac=0.602 mean_actuators=8.6 |I_final|=122
[dev] seed 17   random_matched    final_target_frac=0.361 mean_actuators=9.4 |I_final|=100
[dev] seed 70   adaptive_causal   final_target_frac=0.646 mean_actuators=8.8 |I_final|=66
[dev] seed 70   no_control        final_target_frac=0.077 mean_actuators=0.0 |I_final|=153
[dev] seed 70   frozen_causal     final_target_frac=0.431 mean_actuators=8.0 |I_final|=88
[dev] seed 70   adaptive_oracle   final_target_frac=0.562 mean_actuators=13.1 |I_final|=100
[dev] seed 70   predictive        final_target_frac=0.254 mean_actuators=3.0 |I_final|=151
[dev] seed 70   random_matched    final_target_frac=0.292 mean_actuators=8.8 |I_final|=108
[dev] seed 172  adaptive_causal   final_target_frac=0.507 mean_actuators=10.2 |I_final|=125
[dev] seed 172  no_control        final_target_frac=0.127 mean_actuators=0.0 |I_final|=121
[dev] seed 172  frozen_causal     final_target_frac=0.366 mean_actuators=9.0 |I_final|=122
[dev] seed 172  adaptive_oracle   final_target_frac=0.448 mean_actuators=12.2 |I_final|=126
[dev] seed 172  predictive        final_target_frac=0.231 mean_actuators=2.0 |I_final|=137
[dev] seed 172  random_matched    final_target_frac=0.284 mean_actuators=10.2 |I_final|=105
[heldout] seed 16   adaptive_causal   final_target_frac=0.143 mean_actuators=5.2 |I_final|=69
[heldout] seed 16   no_control        final_target_frac=0.000 mean_actuators=0.0 |I_final|=101
[heldout] seed 16   frozen_causal     final_target_frac=0.219 mean_actuators=4.0 |I_final|=67
[heldout] seed 16   adaptive_oracle   final_target_frac=0.400 mean_actuators=9.0 |I_final|=54
[heldout] seed 16   predictive        final_target_frac=0.086 mean_actuators=5.2 |I_final|=64
[heldout] seed 16   random_matched    final_target_frac=0.000 mean_actuators=5.2 |I_final|=109
[heldout] seed 22   adaptive_causal   final_target_frac=0.454 mean_actuators=7.0 |I_final|=82
[heldout] seed 22   no_control        final_target_frac=0.303 mean_actuators=0.0 |I_final|=120
[heldout] seed 22   frozen_causal     final_target_frac=0.462 mean_actuators=5.0 |I_final|=87
[heldout] seed 22   adaptive_oracle   final_target_frac=0.571 mean_actuators=9.3 |I_final|=82
[heldout] seed 22   predictive        final_target_frac=0.378 mean_actuators=5.0 |I_final|=85
[heldout] seed 22   random_matched    final_target_frac=0.832 mean_actuators=7.0 |I_final|=98
[heldout] seed 71   adaptive_causal   final_target_frac=0.991 mean_actuators=5.4 |I_final|=86
[heldout] seed 71   no_control        final_target_frac=0.000 mean_actuators=0.0 |I_final|=123
[heldout] seed 71   frozen_causal     final_target_frac=0.991 mean_actuators=7.0 |I_final|=137
[heldout] seed 71   adaptive_oracle   final_target_frac=0.885 mean_actuators=15.0 |I_final|=101
[heldout] seed 71   predictive        final_target_frac=0.044 mean_actuators=4.0 |I_final|=127
[heldout] seed 71   random_matched    final_target_frac=0.575 mean_actuators=5.4 |I_final|=120
[heldout] seed 192  adaptive_causal   final_target_frac=0.543 mean_actuators=8.6 |I_final|=163
[heldout] seed 192  no_control        final_target_frac=0.000 mean_actuators=0.0 |I_final|=128
[heldout] seed 192  frozen_causal     final_target_frac=0.193 mean_actuators=4.0 |I_final|=123
[heldout] seed 192  adaptive_oracle   final_target_frac=0.121 mean_actuators=9.4 |I_final|=135
[heldout] seed 192  predictive        final_target_frac=0.000 mean_actuators=0.0 |I_final|=128
[heldout] seed 192  random_matched    final_target_frac=0.221 mean_actuators=8.6 |I_final|=120
wrote /home/hkhurana/work/code/fuzzy-blankets/stage6_flock/stage6_8_dynamic_interactions/data/control.json
