seed 15   t=55  affinity_louvain    |I|=92   |Bpred|=2   (no_candidate_above_min_gain) |Bcausal|=9   suff=None [95s]
seed 15   t=56  affinity_louvain    |I|=92   |Bpred|=4   (delta_tol_reached) |Bcausal|=8   suff=None [91s]
seed 15   t=57  affinity_louvain    |I|=92   |Bpred|=4   (delta_tol_reached) |Bcausal|=8   suff=None [89s]
seed 15   t=58  affinity_louvain    |I|=96   |Bpred|=3   (no_candidate_above_min_gain) |Bcausal|=9   suff=None [106s]
seed 15   t=59  affinity_louvain    |I|=99   |Bpred|=5   (no_candidate_above_min_gain) |Bcausal|=9   suff=None [122s]
seed 15   t=60  affinity_louvain    |I|=100  |Bpred|=4   (no_candidate_above_min_gain) |Bcausal|=9   suff=None [119s]
seed 15   t=61  affinity_louvain    |I|=102  |Bpred|=7   (delta_tol_reached) |Bcausal|=10  suff=None [130s]
seed 15   t=62  affinity_louvain    |I|=126  |Bpred|=5   (no_candidate_above_min_gain) |Bcausal|=11  suff=None [145s]
seed 15   t=63  affinity_louvain    |I|=122  |Bpred|=5   (delta_tol_reached) |Bcausal|=11  suff=None [143s]
seed 15   t=64  affinity_louvain    |I|=102  |Bpred|=5   (no_candidate_above_min_gain) |Bcausal|=10  suff=None [127s]
seed 15   t=65  affinity_louvain    |I|=112  |Bpred|=4   (delta_tol_reached) |Bcausal|=2   suff=None [98s]
seed 15   t=66  affinity_louvain    |I|=77   |Bpred|=0   (delta_tol_reached) |Bcausal|=3   suff=None [62s]
seed 17   t=55  affinity_louvain    |I|=73   |Bpred|=8   (delta_tol_reached) |Bcausal|=7   suff=None [97s]
seed 17   t=56  affinity_louvain    |I|=74   |Bpred|=8   (delta_tol_reached) |Bcausal|=8   suff=None [98s]
seed 17   t=57  affinity_louvain    |I|=71   |Bpred|=7   (delta_tol_reached) |Bcausal|=6   suff=None [98s]
seed 17   t=58  affinity_louvain    |I|=84   |Bpred|=6   (delta_tol_reached) |Bcausal|=9   suff=None [94s]
seed 17   t=59  affinity_louvain    |I|=80   |Bpred|=5   (delta_tol_reached) |Bcausal|=7   suff=None [90s]
seed 17   t=60  affinity_louvain    |I|=77   |Bpred|=6   (delta_tol_reached) |Bcausal|=9   suff=None [86s]
seed 17   t=61  affinity_louvain    |I|=58   |Bpred|=6   (delta_tol_reached) |Bcausal|=8   suff=None [73s]
seed 17   t=62  affinity_louvain    |I|=59   |Bpred|=6   (delta_tol_reached) |Bcausal|=7   suff=None [74s]
seed 17   t=63  affinity_louvain    |I|=78   |Bpred|=8   (delta_tol_reached) |Bcausal|=8   suff=None [94s]
seed 17   t=64  affinity_louvain    |I|=96   |Bpred|=8   (delta_tol_reached) |Bcausal|=9   suff=None [113s]
seed 17   t=65  affinity_louvain    |I|=57   |Bpred|=6   (delta_tol_reached) |Bcausal|=8   suff=None [77s]
seed 17   t=66  affinity_louvain    |I|=56   |Bpred|=6   (delta_tol_reached) |Bcausal|=9   suff=None [73s]
wrote /home/hkhurana/work/code/fuzzy-blankets/stage6_flock/stage6_8_dynamic_interactions/data/boundary_inference__series.json
