/home/hkhurana/miniconda3/envs/fuzzy-blankets/lib/python3.12/site-packages/sklearn/linear_model/_logistic.py:455: OptimizeWarning: Unknown solver options: iprint
  opt_res = optimize.minimize(
/home/hkhurana/miniconda3/envs/fuzzy-blankets/lib/python3.12/site-packages/sklearn/linear_model/_logistic.py:455: OptimizeWarning: Unknown solver options: iprint
  opt_res = optimize.minimize(
/home/hkhurana/miniconda3/envs/fuzzy-blankets/lib/python3.12/site-packages/sklearn/linear_model/_logistic.py:455: OptimizeWarning: Unknown solver options: iprint
  opt_res = optimize.minimize(
/home/hkhurana/miniconda3/envs/fuzzy-blankets/lib/python3.12/site-packages/sklearn/linear_model/_logistic.py:455: OptimizeWarning: Unknown solver options: iprint
  opt_res = optimize.minimize(
[predictive_boundary_611] M_obs=12: estimating distance cuts from train...
  rows: train=21600 val=7200 test=7200
  mean logloss: train=0.3642 val=0.4070 test=0.4459 (uniform baseline=1.3863)
  saved pretrained model (M_obs=12) to /home/hkhurana/work/code/fuzzy-blankets/stage6_flock/stage6_11_translating_torus/data/pretrained_relational_model_611.pkl
  candidate: size=75, periphery_radius=0.255
  construction rows (val periphery): 3000
  B_pred = [10, 12, 26, 34, 35, 177, 318, 325, 335, 356, 359, 366] (interior_only_loss=0.4308, full_pool_loss=0.2475, final_loss=0.3992)
  certification: L_challenge_upper=0.0392 (delta=0.01) sufficient=False
[predictive_boundary_611] wrote /home/hkhurana/work/code/fuzzy-blankets/stage6_flock/stage6_11_translating_torus/data/predictive_boundary_611.json (after M_obs=12)
[predictive_boundary_611] done
	Command being timed: "/home/hkhurana/miniconda3/envs/fuzzy-blankets/bin/python run_predictive_boundary_611.py --m_obs 12"
	User time (seconds): 27.51
	System time (seconds): 1.80
	Percent of CPU this job got: 111%
	Elapsed (wall clock) time (h:mm:ss or m:ss): 0:26.18
	Average shared text size (kbytes): 0
	Average unshared data size (kbytes): 0
	Average stack size (kbytes): 0
	Average total size (kbytes): 0
	Maximum resident set size (kbytes): 3230460
	Average resident set size (kbytes): 0
	Major (requiring I/O) page faults: 0
	Minor (reclaiming a frame) page faults: 212497
	Voluntary context switches: 35
	Involuntary context switches: 643
	Swaps: 0
	File system inputs: 0
	File system outputs: 8536
	Socket messages sent: 0
	Socket messages received: 0
	Signals delivered: 0
	Page size (bytes): 4096
	Exit status: 0
