  s612b_00_seed62200 K2_q24_random: delta_assoc=0.0013 (19s)
  s612b_00_seed62200 K2_q24_nearest: delta_assoc=-0.0005 (19s)
  s612b_00_seed62200 K2_q24_kinematic: delta_assoc=0.0000 (19s)
  s612b_00_seed62200 K2_q24_kinematic_radius_free: delta_assoc=0.0061 (19s)
  s612b_00_seed62200 K2_q24_oracle: delta_assoc=0.0069 (19s)
  s612b_00_seed62200 K2_q8_random: delta_assoc=-0.0005 (19s)
  s612b_00_seed62200 K2_q8_nearest: delta_assoc=-0.0023 (19s)
  s612b_00_seed62200 K2_q8_kinematic: delta_assoc=0.0065 (19s)
  s612b_00_seed62200 K2_q8_kinematic_radius_free: delta_assoc=0.0042 (19s)
  s612b_00_seed62200 K2_q8_oracle: delta_assoc=0.0053 (19s)
  s612b_00_seed62200 K2_q4_random: delta_assoc=0.0011 (19s)
  s612b_00_seed62200 K2_q4_nearest: delta_assoc=0.0022 (19s)
  s612b_00_seed62200 K2_q4_kinematic: delta_assoc=-0.0026 (19s)
  s612b_00_seed62200 K2_q4_kinematic_radius_free: delta_assoc=0.0086 (19s)
  s612b_00_seed62200 K2_q4_oracle: delta_assoc=0.0082 (19s)
  s612b_00_seed62200 K2_q2_random: delta_assoc=0.0068 (19s)
  s612b_00_seed62200 K2_q2_nearest: delta_assoc=0.0045 (19s)
  s612b_00_seed62200 K2_q2_kinematic: delta_assoc=-0.0063 (19s)
  s612b_00_seed62200 K2_q2_kinematic_radius_free: delta_assoc=0.0003 (19s)
  s612b_00_seed62200 K2_q2_oracle: delta_assoc=0.0068 (19s)
  s612b_00_seed62200 K2_q1_random: delta_assoc=-0.0039 (19s)
  s612b_00_seed62200 K2_q1_nearest: delta_assoc=0.0071 (19s)
  s612b_00_seed62200 K2_q1_kinematic: delta_assoc=-0.0063 (19s)
  s612b_00_seed62200 K2_q1_kinematic_radius_free: delta_assoc=0.0006 (19s)
  s612b_00_seed62200 K2_q1_oracle: delta_assoc=0.0093 (19s)
  s612b_00_seed62200 K4_q24_random: delta_assoc=0.0032 (19s)
  s612b_00_seed62200 K4_q24_nearest: delta_assoc=0.0022 (19s)
  s612b_00_seed62200 K4_q24_kinematic: delta_assoc=0.0021 (19s)
  s612b_00_seed62200 K4_q24_kinematic_radius_free: delta_assoc=0.0041 (19s)
  s612b_00_seed62200 K4_q24_oracle: delta_assoc=0.0044 (19s)
  s612b_00_seed62200 K4_q8_random: delta_assoc=0.0031 (19s)
  s612b_00_seed62200 K4_q8_nearest: delta_assoc=0.0045 (19s)
  s612b_00_seed62200 K4_q8_kinematic: delta_assoc=0.0112 (19s)
  s612b_00_seed62200 K4_q8_kinematic_radius_free: delta_assoc=0.0073 (19s)
  s612b_00_seed62200 K4_q8_oracle: delta_assoc=0.0066 (19s)
  s612b_00_seed62200 K4_q4_random: delta_assoc=0.0019 (19s)
  s612b_00_seed62200 K4_q4_nearest: delta_assoc=0.0051 (19s)
  s612b_00_seed62200 K4_q4_kinematic: delta_assoc=0.0059 (19s)
  s612b_00_seed62200 K4_q4_kinematic_radius_free: delta_assoc=-0.0012 (19s)
  s612b_00_seed62200 K4_q4_oracle: delta_assoc=0.0058 (19s)
  s612b_00_seed62200 K4_q2_random: delta_assoc=0.0094 (19s)
  s612b_00_seed62200 K4_q2_nearest: delta_assoc=0.0079 (19s)
  s612b_00_seed62200 K4_q2_kinematic: delta_assoc=0.0036 (19s)
  s612b_00_seed62200 K4_q2_kinematic_radius_free: delta_assoc=0.0028 (19s)
  s612b_00_seed62200 K4_q2_oracle: delta_assoc=0.0048 (19s)
  s612b_00_seed62200 K4_q1_random: delta_assoc=0.0061 (19s)
  s612b_00_seed62200 K4_q1_nearest: delta_assoc=0.0108 (19s)
  s612b_00_seed62200 K4_q1_kinematic: delta_assoc=-0.0041 (19s)
  s612b_00_seed62200 K4_q1_kinematic_radius_free: delta_assoc=0.0004 (19s)
  s612b_00_seed62200 K4_q1_oracle: delta_assoc=0.0023 (20s)
[s612b_00_seed62200 / development] done in 971.1s
  s612b_01_seed62201 K2_q24_random: delta_assoc=0.0035 (19s)
  s612b_01_seed62201 K2_q24_nearest: delta_assoc=0.0016 (18s)
  s612b_01_seed62201 K2_q24_kinematic: delta_assoc=-0.0016 (19s)
  s612b_01_seed62201 K2_q24_kinematic_radius_free: delta_assoc=0.0009 (18s)
  s612b_01_seed62201 K2_q24_oracle: delta_assoc=0.0011 (18s)
  s612b_01_seed62201 K2_q8_random: delta_assoc=-0.0002 (19s)
  s612b_01_seed62201 K2_q8_nearest: delta_assoc=0.0115 (18s)
  s612b_01_seed62201 K2_q8_kinematic: delta_assoc=0.0022 (18s)
  s612b_01_seed62201 K2_q8_kinematic_radius_free: delta_assoc=0.0023 (19s)
  s612b_01_seed62201 K2_q8_oracle: delta_assoc=0.0030 (19s)
  s612b_01_seed62201 K2_q4_random: delta_assoc=-0.0009 (19s)
  s612b_01_seed62201 K2_q4_nearest: delta_assoc=0.0036 (19s)
  s612b_01_seed62201 K2_q4_kinematic: delta_assoc=-0.0045 (18s)
  s612b_01_seed62201 K2_q4_kinematic_radius_free: delta_assoc=0.0023 (19s)
  s612b_01_seed62201 K2_q4_oracle: delta_assoc=-0.0017 (19s)
  s612b_01_seed62201 K2_q2_random: delta_assoc=0.0011 (19s)
  s612b_01_seed62201 K2_q2_nearest: delta_assoc=-0.0008 (19s)
  s612b_01_seed62201 K2_q2_kinematic: delta_assoc=-0.0034 (19s)
  s612b_01_seed62201 K2_q2_kinematic_radius_free: delta_assoc=-0.0031 (19s)
  s612b_01_seed62201 K2_q2_oracle: delta_assoc=0.0055 (19s)
  s612b_01_seed62201 K2_q1_random: delta_assoc=0.0003 (19s)
  s612b_01_seed62201 K2_q1_nearest: delta_assoc=-0.0060 (19s)
  s612b_01_seed62201 K2_q1_kinematic: delta_assoc=-0.0008 (19s)
  s612b_01_seed62201 K2_q1_kinematic_radius_free: delta_assoc=-0.0047 (19s)
  s612b_01_seed62201 K2_q1_oracle: delta_assoc=0.0031 (19s)
  s612b_01_seed62201 K4_q24_random: delta_assoc=0.0057 (18s)
  s612b_01_seed62201 K4_q24_nearest: delta_assoc=0.0014 (18s)
  s612b_01_seed62201 K4_q24_kinematic: delta_assoc=0.0036 (19s)
  s612b_01_seed62201 K4_q24_kinematic_radius_free: delta_assoc=0.0022 (18s)
  s612b_01_seed62201 K4_q24_oracle: delta_assoc=0.0048 (19s)
  s612b_01_seed62201 K4_q8_random: delta_assoc=-0.0028 (19s)
  s612b_01_seed62201 K4_q8_nearest: delta_assoc=0.0113 (18s)
  s612b_01_seed62201 K4_q8_kinematic: delta_assoc=-0.0025 (18s)
  s612b_01_seed62201 K4_q8_kinematic_radius_free: delta_assoc=0.0027 (19s)
  s612b_01_seed62201 K4_q8_oracle: delta_assoc=0.0012 (19s)
  s612b_01_seed62201 K4_q4_random: delta_assoc=0.0008 (19s)
  s612b_01_seed62201 K4_q4_nearest: delta_assoc=-0.0043 (19s)
  s612b_01_seed62201 K4_q4_kinematic: delta_assoc=-0.0017 (19s)
  s612b_01_seed62201 K4_q4_kinematic_radius_free: delta_assoc=0.0027 (19s)
  s612b_01_seed62201 K4_q4_oracle: delta_assoc=-0.0022 (19s)
  s612b_01_seed62201 K4_q2_random: delta_assoc=0.0011 (19s)
  s612b_01_seed62201 K4_q2_nearest: delta_assoc=0.0033 (19s)
  s612b_01_seed62201 K4_q2_kinematic: delta_assoc=-0.0001 (19s)
  s612b_01_seed62201 K4_q2_kinematic_radius_free: delta_assoc=0.0034 (19s)
  s612b_01_seed62201 K4_q2_oracle: delta_assoc=-0.0029 (19s)
  s612b_01_seed62201 K4_q1_random: delta_assoc=-0.0046 (19s)
  s612b_01_seed62201 K4_q1_nearest: delta_assoc=0.0037 (19s)
  s612b_01_seed62201 K4_q1_kinematic: delta_assoc=0.0016 (19s)
  s612b_01_seed62201 K4_q1_kinematic_radius_free: delta_assoc=-0.0011 (19s)
  s612b_01_seed62201 K4_q1_oracle: delta_assoc=0.0006 (19s)
[s612b_01_seed62201 / development] done in 950.6s
  s612b_02_seed62202 K2_q24_random: delta_assoc=0.0020 (19s)
  s612b_02_seed62202 K2_q24_nearest: delta_assoc=0.0007 (20s)
  s612b_02_seed62202 K2_q24_kinematic: delta_assoc=0.0576 (20s)
  s612b_02_seed62202 K2_q24_kinematic_radius_free: delta_assoc=0.0224 (20s)
  s612b_02_seed62202 K2_q24_oracle: delta_assoc=0.0178 (19s)
  s612b_02_seed62202 K2_q8_random: delta_assoc=0.2411 (20s)
  s612b_02_seed62202 K2_q8_nearest: delta_assoc=0.2753 (19s)
  s612b_02_seed62202 K2_q8_kinematic: delta_assoc=0.2715 (20s)
  s612b_02_seed62202 K2_q8_kinematic_radius_free: delta_assoc=0.3128 (19s)
  s612b_02_seed62202 K2_q8_oracle: delta_assoc=0.0245 (19s)
  s612b_02_seed62202 K2_q4_random: delta_assoc=-0.0016 (19s)
  s612b_02_seed62202 K2_q4_nearest: delta_assoc=0.0595 (19s)
  s612b_02_seed62202 K2_q4_kinematic: delta_assoc=0.0175 (19s)
  s612b_02_seed62202 K2_q4_kinematic_radius_free: delta_assoc=0.2691 (20s)
  s612b_02_seed62202 K2_q4_oracle: delta_assoc=0.0139 (20s)
  s612b_02_seed62202 K2_q2_random: delta_assoc=0.2886 (19s)
  s612b_02_seed62202 K2_q2_nearest: delta_assoc=0.0184 (19s)
  s612b_02_seed62202 K2_q2_kinematic: delta_assoc=0.0078 (19s)
  s612b_02_seed62202 K2_q2_kinematic_radius_free: delta_assoc=0.0090 (19s)
  s612b_02_seed62202 K2_q2_oracle: delta_assoc=0.0179 (19s)
  s612b_02_seed62202 K2_q1_random: delta_assoc=0.0157 (20s)
  s612b_02_seed62202 K2_q1_nearest: delta_assoc=0.0129 (19s)
  s612b_02_seed62202 K2_q1_kinematic: delta_assoc=0.0122 (19s)
  s612b_02_seed62202 K2_q1_kinematic_radius_free: delta_assoc=0.0104 (19s)
  s612b_02_seed62202 K2_q1_oracle: delta_assoc=-0.0045 (20s)
  s612b_02_seed62202 K4_q24_random: delta_assoc=0.2436 (19s)
  s612b_02_seed62202 K4_q24_nearest: delta_assoc=0.0228 (20s)
  s612b_02_seed62202 K4_q24_kinematic: delta_assoc=0.3164 (20s)
  s612b_02_seed62202 K4_q24_kinematic_radius_free: delta_assoc=0.3164 (20s)
  s612b_02_seed62202 K4_q24_oracle: delta_assoc=0.2953 (20s)
  s612b_02_seed62202 K4_q8_random: delta_assoc=0.0074 (19s)
  s612b_02_seed62202 K4_q8_nearest: delta_assoc=0.0272 (20s)
  s612b_02_seed62202 K4_q8_kinematic: delta_assoc=0.3010 (20s)
  s612b_02_seed62202 K4_q8_kinematic_radius_free: delta_assoc=0.0233 (20s)
  s612b_02_seed62202 K4_q8_oracle: delta_assoc=0.0372 (20s)
  s612b_02_seed62202 K4_q4_random: delta_assoc=0.0445 (20s)
  s612b_02_seed62202 K4_q4_nearest: delta_assoc=0.0078 (20s)
  s612b_02_seed62202 K4_q4_kinematic: delta_assoc=0.0047 (19s)
  s612b_02_seed62202 K4_q4_kinematic_radius_free: delta_assoc=0.0108 (20s)
  s612b_02_seed62202 K4_q4_oracle: delta_assoc=0.0248 (20s)
  s612b_02_seed62202 K4_q2_random: delta_assoc=0.2180 (20s)
  s612b_02_seed62202 K4_q2_nearest: delta_assoc=0.0053 (20s)
  s612b_02_seed62202 K4_q2_kinematic: delta_assoc=-0.0010 (20s)
  s612b_02_seed62202 K4_q2_kinematic_radius_free: delta_assoc=0.0219 (19s)
  s612b_02_seed62202 K4_q2_oracle: delta_assoc=0.0077 (19s)
  s612b_02_seed62202 K4_q1_random: delta_assoc=0.0240 (20s)
  s612b_02_seed62202 K4_q1_nearest: delta_assoc=0.0490 (20s)
  s612b_02_seed62202 K4_q1_kinematic: delta_assoc=0.0079 (19s)
  s612b_02_seed62202 K4_q1_kinematic_radius_free: delta_assoc=0.0116 (20s)
  s612b_02_seed62202 K4_q1_oracle: delta_assoc=0.0088 (20s)
[s612b_02_seed62202 / development] done in 999.0s
  s612b_03_seed62203 K2_q24_random: delta_assoc=0.0441 (20s)
  s612b_03_seed62203 K2_q24_nearest: delta_assoc=0.0146 (19s)
  s612b_03_seed62203 K2_q24_kinematic: delta_assoc=0.0000 (19s)
  s612b_03_seed62203 K2_q24_kinematic_radius_free: delta_assoc=0.0000 (19s)
  s612b_03_seed62203 K2_q24_oracle: delta_assoc=0.0000 (19s)
  s612b_03_seed62203 K2_q8_random: delta_assoc=0.0551 (19s)
  s612b_03_seed62203 K2_q8_nearest: delta_assoc=0.0000 (19s)
  s612b_03_seed62203 K2_q8_kinematic: delta_assoc=0.0000 (19s)
  s612b_03_seed62203 K2_q8_kinematic_radius_free: delta_assoc=0.0000 (19s)
  s612b_03_seed62203 K2_q8_oracle: delta_assoc=0.0000 (19s)
  s612b_03_seed62203 K2_q4_random: delta_assoc=0.0000 (19s)
  s612b_03_seed62203 K2_q4_nearest: delta_assoc=0.0000 (19s)
  s612b_03_seed62203 K2_q4_kinematic: delta_assoc=0.0000 (19s)
  s612b_03_seed62203 K2_q4_kinematic_radius_free: delta_assoc=0.0000 (19s)
  s612b_03_seed62203 K2_q4_oracle: delta_assoc=0.0000 (19s)
  s612b_03_seed62203 K2_q2_random: delta_assoc=0.2007 (19s)
  s612b_03_seed62203 K2_q2_nearest: delta_assoc=0.0000 (20s)
  s612b_03_seed62203 K2_q2_kinematic: delta_assoc=0.0000 (19s)
  s612b_03_seed62203 K2_q2_kinematic_radius_free: delta_assoc=0.0000 (19s)
  s612b_03_seed62203 K2_q2_oracle: delta_assoc=0.0000 (20s)
  s612b_03_seed62203 K2_q1_random: delta_assoc=0.0000 (20s)
  s612b_03_seed62203 K2_q1_nearest: delta_assoc=0.0615 (20s)
  s612b_03_seed62203 K2_q1_kinematic: delta_assoc=0.0000 (20s)
  s612b_03_seed62203 K2_q1_kinematic_radius_free: delta_assoc=0.0000 (19s)
  s612b_03_seed62203 K2_q1_oracle: delta_assoc=0.0000 (19s)
  s612b_03_seed62203 K4_q24_random: delta_assoc=0.1246 (19s)
  s612b_03_seed62203 K4_q24_nearest: delta_assoc=0.1465 (20s)
  s612b_03_seed62203 K4_q24_kinematic: delta_assoc=0.0409 (20s)
  s612b_03_seed62203 K4_q24_kinematic_radius_free: delta_assoc=0.0000 (20s)
  s612b_03_seed62203 K4_q24_oracle: delta_assoc=0.1076 (20s)
  s612b_03_seed62203 K4_q8_random: delta_assoc=0.0269 (19s)
  s612b_03_seed62203 K4_q8_nearest: delta_assoc=0.0000 (20s)
  s612b_03_seed62203 K4_q8_kinematic: delta_assoc=0.0491 (19s)
  s612b_03_seed62203 K4_q8_kinematic_radius_free: delta_assoc=0.0000 (19s)
  s612b_03_seed62203 K4_q8_oracle: delta_assoc=0.3227 (19s)
  s612b_03_seed62203 K4_q4_random: delta_assoc=0.0365 (19s)
  s612b_03_seed62203 K4_q4_nearest: delta_assoc=0.0386 (19s)
  s612b_03_seed62203 K4_q4_kinematic: delta_assoc=0.0000 (19s)
  s612b_03_seed62203 K4_q4_kinematic_radius_free: delta_assoc=0.0000 (20s)
  s612b_03_seed62203 K4_q4_oracle: delta_assoc=0.0000 (19s)
  s612b_03_seed62203 K4_q2_random: delta_assoc=0.0000 (19s)
  s612b_03_seed62203 K4_q2_nearest: delta_assoc=0.0000 (19s)
  s612b_03_seed62203 K4_q2_kinematic: delta_assoc=0.0000 (19s)
  s612b_03_seed62203 K4_q2_kinematic_radius_free: delta_assoc=0.0000 (19s)
  s612b_03_seed62203 K4_q2_oracle: delta_assoc=0.0000 (20s)
  s612b_03_seed62203 K4_q1_random: delta_assoc=0.0000 (19s)
  s612b_03_seed62203 K4_q1_nearest: delta_assoc=0.0000 (19s)
  s612b_03_seed62203 K4_q1_kinematic: delta_assoc=0.0000 (20s)
  s612b_03_seed62203 K4_q1_kinematic_radius_free: delta_assoc=0.0000 (19s)
  s612b_03_seed62203 K4_q1_oracle: delta_assoc=0.0000 (19s)
[s612b_03_seed62203 / holdout] done in 989.7s
  s612b_04_seed62204 K2_q24_random: delta_assoc=0.0086 (20s)
  s612b_04_seed62204 K2_q24_nearest: delta_assoc=-0.0006 (19s)
  s612b_04_seed62204 K2_q24_kinematic: delta_assoc=0.0016 (19s)
  s612b_04_seed62204 K2_q24_kinematic_radius_free: delta_assoc=0.0066 (20s)
  s612b_04_seed62204 K2_q24_oracle: delta_assoc=0.0089 (19s)
  s612b_04_seed62204 K2_q8_random: delta_assoc=-0.0037 (19s)
  s612b_04_seed62204 K2_q8_nearest: delta_assoc=-0.0031 (20s)
  s612b_04_seed62204 K2_q8_kinematic: delta_assoc=0.0161 (20s)
  s612b_04_seed62204 K2_q8_kinematic_radius_free: delta_assoc=0.0132 (20s)
  s612b_04_seed62204 K2_q8_oracle: delta_assoc=0.0034 (20s)
  s612b_04_seed62204 K2_q4_random: delta_assoc=0.0124 (19s)
  s612b_04_seed62204 K2_q4_nearest: delta_assoc=0.0123 (20s)
  s612b_04_seed62204 K2_q4_kinematic: delta_assoc=0.0105 (19s)
  s612b_04_seed62204 K2_q4_kinematic_radius_free: delta_assoc=0.0187 (19s)
  s612b_04_seed62204 K2_q4_oracle: delta_assoc=0.0246 (19s)
  s612b_04_seed62204 K2_q2_random: delta_assoc=-0.0036 (20s)
  s612b_04_seed62204 K2_q2_nearest: delta_assoc=0.0061 (20s)
  s612b_04_seed62204 K2_q2_kinematic: delta_assoc=0.0031 (20s)
  s612b_04_seed62204 K2_q2_kinematic_radius_free: delta_assoc=0.0175 (19s)
  s612b_04_seed62204 K2_q2_oracle: delta_assoc=0.0185 (20s)
  s612b_04_seed62204 K2_q1_random: delta_assoc=0.0294 (20s)
  s612b_04_seed62204 K2_q1_nearest: delta_assoc=0.0038 (20s)
  s612b_04_seed62204 K2_q1_kinematic: delta_assoc=0.2521 (20s)
  s612b_04_seed62204 K2_q1_kinematic_radius_free: delta_assoc=0.0200 (20s)
  s612b_04_seed62204 K2_q1_oracle: delta_assoc=0.0214 (20s)
  s612b_04_seed62204 K4_q24_random: delta_assoc=0.0218 (19s)
  s612b_04_seed62204 K4_q24_nearest: delta_assoc=-0.0013 (19s)
  s612b_04_seed62204 K4_q24_kinematic: delta_assoc=0.0047 (20s)
  s612b_04_seed62204 K4_q24_kinematic_radius_free: delta_assoc=0.0016 (19s)
  s612b_04_seed62204 K4_q24_oracle: delta_assoc=-0.0020 (19s)
  s612b_04_seed62204 K4_q8_random: delta_assoc=0.0341 (20s)
  s612b_04_seed62204 K4_q8_nearest: delta_assoc=0.0092 (20s)
  s612b_04_seed62204 K4_q8_kinematic: delta_assoc=0.0109 (20s)
  s612b_04_seed62204 K4_q8_kinematic_radius_free: delta_assoc=0.0180 (20s)
  s612b_04_seed62204 K4_q8_oracle: delta_assoc=0.0031 (20s)
  s612b_04_seed62204 K4_q4_random: delta_assoc=0.0221 (20s)
  s612b_04_seed62204 K4_q4_nearest: delta_assoc=0.0232 (20s)
  s612b_04_seed62204 K4_q4_kinematic: delta_assoc=0.0030 (20s)
  s612b_04_seed62204 K4_q4_kinematic_radius_free: delta_assoc=0.0103 (20s)
  s612b_04_seed62204 K4_q4_oracle: delta_assoc=0.0132 (20s)
  s612b_04_seed62204 K4_q2_random: delta_assoc=0.0266 (20s)
  s612b_04_seed62204 K4_q2_nearest: delta_assoc=0.0086 (20s)
  s612b_04_seed62204 K4_q2_kinematic: delta_assoc=0.0025 (19s)
  s612b_04_seed62204 K4_q2_kinematic_radius_free: delta_assoc=0.0297 (20s)
  s612b_04_seed62204 K4_q2_oracle: delta_assoc=0.0007 (20s)
  s612b_04_seed62204 K4_q1_random: delta_assoc=0.0073 (20s)
  s612b_04_seed62204 K4_q1_nearest: delta_assoc=-0.0018 (20s)
  s612b_04_seed62204 K4_q1_kinematic: delta_assoc=0.0344 (20s)
  s612b_04_seed62204 K4_q1_kinematic_radius_free: delta_assoc=0.0234 (20s)
  s612b_04_seed62204 K4_q1_oracle: delta_assoc=0.0086 (20s)
[s612b_04_seed62204 / holdout] done in 1001.8s
Stage 6.12B-B total wall time: 4912.5s
