=== PART 15: numerical convergence cross-check ===
NOTE: an earlier version of this check (naive rtol/atol tightening with NO max_step cap) found a spurious 100% collapse at T_ramp=0.02/0.2/0.25 -- traced to RK45's adaptive step control occasionally ALIASING OVER the narrow forced transient entirely when unconstrained (fewer function evaluations at the 'tighter' tolerance than at baseline is the signature of this failure mode). Fixed by capping max_step at T_ramp/20 (baseline) and T_ramp/100 (refinement) -- see rate_induced_audit_core.run_extended and dynamics.integrate's new additive max_step parameter (default None, so ALL other Stage-5 code is unaffected).
  T_ramp=0.02: baseline=4.220205e-05  tighter_tol(1e-10/1e-12)=4.220205e-05 (absdiff=8.61e-13, reldiff=2.04e-08)  denser_grid(4000pt)=4.220205e-05 (absdiff=0.00e+00, reldiff=0.00e+00)
  T_ramp=0.2: baseline=3.830246e-05  tighter_tol(1e-10/1e-12)=3.830246e-05 (absdiff=2.30e-12, reldiff=5.99e-08)  denser_grid(4000pt)=3.830246e-05 (absdiff=0.00e+00, reldiff=0.00e+00)
  T_ramp=0.25: baseline=3.568167e-05  tighter_tol(1e-10/1e-12)=3.568167e-05 (absdiff=7.61e-13, reldiff=2.13e-08)  denser_grid(4000pt)=3.569435e-05 (absdiff=1.27e-08, reldiff=3.55e-04)
  T_ramp=1: baseline=1.299962e-05  tighter_tol(1e-10/1e-12)=1.299962e-05 (absdiff=9.80e-13, reldiff=7.54e-08)  denser_grid(4000pt)=1.300108e-05 (absdiff=1.46e-09, reldiff=1.12e-04)
  T_ramp=8: baseline=4.383817e-07  tighter_tol(1e-10/1e-12)=4.383816e-07 (absdiff=1.05e-13, reldiff=2.39e-07)  denser_grid(4000pt)=4.383813e-07 (absdiff=4.05e-13, reldiff=9.24e-07)
Saved /home/hridai/code/graded-mb/stage5/data/rate_induced_audit/numerical_convergence_table.csv

=== PART 10: conditional-precision decomposition at the two-bump peaks (T_ramp=0.2) ===
  primary (near ramp end): t=0.2082 z=+1.0098 Kdelta=3.0 L1=6.615e-02 L2=1.551e-02 L3=3.830e-05 L4=1.487e-05  minimizing B(K=3)=(4, 5, 6)
    dominant |Delta K|_{I,E} entries (node_i, node_j, value), for E=[7, 8]:
      (1,7): 1.0433e-02
      (3,7): 1.0433e-02
      (3,8): 1.0433e-02
      (1,8): 1.0433e-02
      (2,7): 1.0433e-02
      (2,8): 1.0433e-02
  secondary (post-ramp echo): t=0.5444 z=+3.5564 Kdelta=2.0 L1=4.339e-02 L2=9.596e-05 L3=4.339e-06 L4=1.688e-06  minimizing B(K=3)=(4, 5, 6)
    dominant |Delta K|_{I,E} entries (node_i, node_j, value), for E=[7, 8]:
      (3,7): -3.5758e-03
      (2,7): -3.5758e-03
      (3,8): -3.5758e-03
      (2,8): -3.5758e-03
      (1,7): -3.5758e-03
      (1,8): -3.5758e-03
Saved /home/hridai/code/graded-mb/stage5/data/rate_induced_audit/precision_lag_peak_table.csv

=== PART 13: actual vs quasi-static Lambda_2/Lambda_3, representative T_ramp=0.5 ===
Traceback (most recent call last):
  File "/home/hridai/code/graded-mb/stage5/rate_induced_audit_run2.py", line 193, in <module>
    part13_quasistatic_decomposition(log)
  File "/home/hridai/code/graded-mb/stage5/rate_induced_audit_run2.py", line 163, in part13_quasistatic_decomposition
    L2_star[i], _ = I.Lambda_K(Om_z, 2)
                    ^^^^^^^^^^^^^^^^^^^
  File "/home/hridai/code/graded-mb/stage5/integrity.py", line 43, in Lambda_K
    table = leakage_table(mat, from_precision, candidates=cands)
            ^^^^^^^^^^^^^^^^^^^^^^^^^^^^^^^^^^^^^^^^^^^^^^^^^^^^
  File "/home/hridai/code/graded-mb/stage5/integrity.py", line 37, in leakage_table
    return [(B, f(mat, B, I_idx)) for B in candidates]
                ^^^^^^^^^^^^^^^^
  File "/home/hridai/code/graded-mb/stage5/integrity.py", line 26, in L_of_B_from_Omega
    return core5.L_cmi(Omega, I_idx, list(B), list(E))
           ^^^^^^^^^^^^^^^^^^^^^^^^^^^^^^^^^^^^^^^^^^^
  File "/home/hridai/code/graded-mb/stage5/core5.py", line 88, in L_cmi
    return core.L_cmi_precision(Omega, I_idx, B_idx, E_idx)
           ^^^^^^^^^^^^^^^^^^^^^^^^^^^^^^^^^^^^^^^^^^^^^^^^
  File "/home/hridai/code/graded-mb/core.py", line 98, in L_cmi_precision
    return 0.5 * (logdet(A) + logdet(G) - logdet(K))
                                          ^^^^^^^^^
  File "/home/hridai/code/graded-mb/core.py", line 87, in logdet
    raise np.linalg.LinAlgError(f"non-positive-definite matrix, sign={sign}")
numpy.linalg.LinAlgError: non-positive-definite matrix, sign=-1.0
