3 L3 5002 (-2.5, -1.0) 1 False 0.067
3 L3 5003 (-2.5, -1.0) 1 False 0.087
3 L3 5005 (-2.5, -1.0) 1 False 0.069
3 L3 5002 (-2.5, 0.0) 1 False 0.094
3 L3 5003 (-2.5, 0.0) 1 False 0.115
3 L3 5005 (-2.5, 0.0) 1 False 0.084
3 L3 5002 (-2.5, 1.0) 1 False 0.071
3 L3 5003 (-2.5, 1.0) 1 False 0.07
3 L3 5005 (-2.5, 1.0) 1 False 0.059
3 L3 5002 (-1.25, -1.0) 4 False 0.145
3 L3 5003 (-1.25, -1.0) 4 False 0.168
3 L3 5005 (-1.25, -1.0) 4 False 0.143
3 L3 5002 (-1.25, 0.0) 4 False 0.16
3 L3 5003 (-1.25, 0.0) 4 False 0.186
3 L3 5005 (-1.25, 0.0) 4 False 0.163
3 L3 5002 (-1.25, 1.0) 4 False 0.126
3 L3 5003 (-1.25, 1.0) 4 False 0.151
3 L3 5005 (-1.25, 1.0) 4 False 0.134
3 L3 5002 (0.0, -1.0) 2 False 0.129
3 L3 5003 (0.0, -1.0) 2 False 0.149
3 L3 5005 (0.0, -1.0) 2 False 0.123
3 L3 5002 (0.0, 0.0) 2 False 0.147
3 L3 5003 (0.0, 0.0) 2 False 0.167
3 L3 5005 (0.0, 0.0) 2 False 0.149
3 L3 5002 (0.0, 1.0) 2 False 0.116
3 L3 5003 (0.0, 1.0) 2 False 0.134
3 L3 5005 (0.0, 1.0) 2 False 0.118
3 L3 5002 (1.25, -1.0) 1 False 0.07
3 L3 5003 (1.25, -1.0) 1 False 0.081
3 L3 5005 (1.25, -1.0) 1 False 0.059
3 L3 5002 (1.25, 0.0) 2 False 0.13
3 L3 5003 (1.25, 0.0) 2 False 0.148
3 L3 5005 (1.25, 0.0) 2 False 0.119
3 L3 5002 (1.25, 1.0) 1 False 0.068
3 L3 5003 (1.25, 1.0) 1 False 0.074
3 L3 5005 (1.25, 1.0) 1 False 0.062
3 L3 5002 (2.5, -1.0) 2 False 0.079
3 L3 5003 (2.5, -1.0) 2 False 0.088
3 L3 5005 (2.5, -1.0) 2 False 0.052
3 L3 5002 (2.5, 0.0) 4 False 0.15
3 L3 5003 (2.5, 0.0) 4 False 0.163
3 L3 5005 (2.5, 0.0) 4 False 0.111
3 L3 5002 (2.5, 1.0) 2 False 0.078
3 L3 5003 (2.5, 1.0) 2 False 0.075
3 L3 5005 (2.5, 1.0) 2 False 0.058
3 L4 5001 (-2.5, -1.0) 1 False 0.067
3 L4 5004 (-2.5, -1.0) 1 False 0.051
3 L4 5010 (-2.5, -1.0) 1 False 0.076
3 L4 5001 (-2.5, 0.0) 1 False 0.085
3 L4 5004 (-2.5, 0.0) 1 False 0.058
3 L4 5010 (-2.5, 0.0) 1 False 0.103
3 L4 5001 (-2.5, 1.0) 1 False 0.053
3 L4 5004 (-2.5, 1.0) 1 False 0.051
3 L4 5010 (-2.5, 1.0) 1 False 0.076
3 L4 5001 (-1.25, -1.0) 4 False 0.14
3 L4 5004 (-1.25, -1.0) 4 False 0.093
3 L4 5010 (-1.25, -1.0) 4 False 0.158
3 L4 5001 (-1.25, 0.0) 4 False 0.165
3 L4 5004 (-1.25, 0.0) 4 False 0.118
3 L4 5010 (-1.25, 0.0) 4 False 0.181
3 L4 5001 (-1.25, 1.0) 4 False 0.132
3 L4 5004 (-1.25, 1.0) 4 False 0.098
3 L4 5010 (-1.25, 1.0) 4 False 0.147
3 L4 5001 (0.0, -1.0) 2 False 0.128
3 L4 5004 (0.0, -1.0) 2 False 0.077
3 L4 5010 (0.0, -1.0) 2 False 0.133
3 L4 5001 (0.0, 0.0) 2 False 0.153
3 L4 5004 (0.0, 0.0) 2 False 0.099
3 L4 5010 (0.0, 0.0) 2 False 0.155
3 L4 5001 (0.0, 1.0) 2 False 0.123
3 L4 5004 (0.0, 1.0) 2 False 0.083
3 L4 5010 (0.0, 1.0) 2 False 0.128
3 L4 5001 (1.25, -1.0) 1 False 0.071
3 L4 5004 (1.25, -1.0) 1 False 0.051
3 L4 5010 (1.25, -1.0) 1 False 0.068
3 L4 5001 (1.25, 0.0) 2 False 0.118
3 L4 5004 (1.25, 0.0) 2 False 0.08
3 L4 5010 (1.25, 0.0) 2 False 0.131
3 L4 5001 (1.25, 1.0) 1 False 0.067
3 L4 5004 (1.25, 1.0) 1 False 0.051
3 L4 5010 (1.25, 1.0) 1 False 0.068
3 L4 5001 (2.5, -1.0) 2 False 0.081
3 L4 5004 (2.5, -1.0) 2 False 0.051
3 L4 5010 (2.5, -1.0) 2 False 0.071
3 L4 5001 (2.5, 0.0) 4 False 0.094
3 L4 5004 (2.5, 0.0) 4 False 0.084
3 L4 5010 (2.5, 0.0) 4 False 0.132
3 L4 5001 (2.5, 1.0) 2 False 0.075
3 L4 5004 (2.5, 1.0) 2 False 0.051
3 L4 5010 (2.5, 1.0) 2 False 0.073
