2a L3 5002 2.0 5 S- -> S- False 0.06 2.5 []
2a L3 5003 2.0 5 S- -> S- False 0.1 2.6 []
2a L3 5005 2.0 5 S- -> S- False 0.06 1.9 []
2a L3 5002 2.0 10 S- -> S- False 0.1 2.6 []
2a L3 5003 2.0 10 S- -> S- False 0.14 2.6 []
2a L3 5005 2.0 10 S- -> S- False 0.1 2.1 []
2a L3 5002 2.0 20 S- -> S- False 0.15 2.7 []
2a L3 5003 2.0 20 S- -> S- False 0.19 2.7 []
2a L3 5005 2.0 20 S- -> S- False 0.15 2.2 []
2a L3 5002 2.0 40 S- -> S- False 0.2 2.8 []
2a L3 5003 2.0 40 S- -> S- False 0.25 3.0 []
2a L3 5005 2.0 40 S- -> S- False 0.19 2.5 []
2a L3 5002 2.0 80 S- -> S- False 0.23 2.9 []
2a L3 5003 2.0 80 S- -> S- False 0.29 3.2 []
2a L3 5005 2.0 80 S- -> S- False 0.23 2.6 []
2a L3 5002 2.0 160 S- -> S- False 0.25 2.9 []
2a L3 5003 2.0 160 S- -> S- False 0.31 3.3 []
2a L3 5005 2.0 160 S- -> S- False 0.25 2.7 []
2a L3 5002 5.0 5 S- -> S- False 0.09 2.7 []
2a L3 5003 5.0 5 S- -> S- False 0.11 2.6 []
2a L3 5005 5.0 5 S- -> S- False 0.09 2.1 []
2a L3 5002 5.0 10 S- -> S- False 0.18 3.1 []
2a L3 5003 5.0 10 S- -> S- False 0.2 3.2 []
2a L3 5005 5.0 10 S- -> S- False 0.18 2.4 []
2a L3 5002 5.0 20 S- -> S- False 0.32 3.7 []
2a L3 5003 5.0 20 S- -> S- False 0.36 4.0 []
2a L3 5005 5.0 20 S- -> S- False 0.31 2.8 []
2a L3 5002 5.0 40 S- -> S- False 0.52 4.7 []
2a L3 5003 5.0 40 S- -> S- False 0.56 4.1 []
2a L3 5005 5.0 40 S- -> S- False 0.5 2.6 []
2a L3 5002 5.0 80 S- -> S- False 0.74 5.4 []
2a L3 5003 5.0 80 S- -> S- False 0.81 6.1 []
2a L3 5005 5.0 80 S- -> S- False 0.71 4.5 []
2a L3 5002 5.0 160 S- -> S+ True 1.6 5.4 []
2a L3 5003 5.0 160 S- -> S+ True 1.6 4.8 []
2a L3 5005 5.0 160 S- -> S+ True 1.56 2.3 []
2a L3 5002 10.0 5 S- -> S- False 0.1 3.0 []
2a L3 5003 10.0 5 S- -> S- False 0.11 2.6 []
2a L3 5005 10.0 5 S- -> S- False 0.09 2.5 []
2a L3 5002 10.0 10 S- -> S- False 0.2 3.7 []
2a L3 5003 10.0 10 S- -> S- False 0.23 2.9 []
2a L3 5005 10.0 10 S- -> S- False 0.21 2.5 []
2a L3 5002 10.0 20 S- -> S- False 0.48 5.2 []
2a L3 5003 10.0 20 S- -> S- False 0.47 3.3 []
2a L3 5005 10.0 20 S- -> S- False 0.44 2.5 []
2a L3 5002 10.0 40 S- -> S+ True 1.6 5.4 []
2a L3 5003 10.0 40 S- -> S+ True 1.6 4.7 []
2a L3 5005 10.0 40 S- -> S+ True 1.56 2.5 []
2a L3 5002 10.0 80 S- -> S+ True 1.6 4.2 []
2a L3 5003 10.0 80 S- -> S+ True 1.6 2.7 []
2a L3 5005 10.0 80 S- -> S+ True 1.58 2.5 []
2a L3 5002 10.0 160 S- -> S+ True 1.6 3.4 []
2a L3 5003 10.0 160 S- -> S+ True 1.6 2.5 []
2a L3 5005 10.0 160 S- -> S+ True 1.58 2.5 []
2a L3 5002 30.0 5 S- -> S- False 0.07 4.0 []
2a L3 5003 30.0 5 S- -> S- False 0.06 2.6 []
2a L3 5005 30.0 5 S- -> S- False 0.04 2.5 []
2a L3 5002 30.0 10 S- -> S- False 0.14 4.0 []
2a L3 5003 30.0 10 S- -> S- False 0.13 2.6 []
2a L3 5005 30.0 10 S- -> S- False 0.1 2.5 []
2a L3 5002 30.0 20 S- -> S- False 0.39 4.0 []
2a L3 5003 30.0 20 S- -> S- False 0.45 2.6 []
2a L3 5005 30.0 20 S- -> S- False 0.32 4.7 []
2a L3 5002 30.0 40 S- -> S+ True 1.6 4.7 []
2a L3 5003 30.0 40 S- -> S+ True 1.6 4.2 []
2a L3 5005 30.0 40 S- -> S+ True 1.59 2.6 []
2a L3 5002 30.0 80 S- -> S+ True 1.6 5.6 []
2a L3 5003 30.0 80 S- -> S+ True 1.6 3.0 []
2a L3 5005 30.0 80 S- -> S+ True 1.59 2.5 []
2a L3 5002 30.0 160 S- -> S+ True 1.6 4.6 []
2a L3 5003 30.0 160 S- -> S+ True 1.6 2.8 []
2a L3 5005 30.0 160 S- -> S+ True 1.59 2.5 []
2b L3 5002 (1.5, 0) 10 S- -> S- False 0.16 7 []
2b L3 5003 (1.5, 0) 10 S- -> S- False 0.19 8 []
2b L3 5005 (1.5, 0) 10 S- -> S- False 0.15 8 []
2b L3 5002 (1.5, 0) 20 S- -> S- False 0.35 7 []
2b L3 5003 (1.5, 0) 20 S- -> S- False 0.37 8 []
2b L3 5005 (1.5, 0) 20 S- -> S- False 0.33 8 []
2b L3 5002 (1.5, 0) 40 S- -> S- False 0.64 7 []
2b L3 5003 (1.5, 0) 40 S- -> S- False 0.7 8 []
2b L3 5005 (1.5, 0) 40 S- -> S- False 0.62 8 []
2b L3 5002 (1.5, 0) 80 S- -> S+ True 1.6 7 []
2b L3 5003 (1.5, 0) 80 S- -> S+ True 1.6 8 []
2b L3 5005 (1.5, 0) 80 S- -> S+ True 1.58 8 []
2b L3 5002 (-1.5, 0) 10 S- -> S- False 0.2 8 []
2b L3 5003 (-1.5, 0) 10 S- -> S- False 0.23 9 []
2b L3 5005 (-1.5, 0) 10 S- -> S- False 0.21 8 []
2b L3 5002 (-1.5, 0) 20 S- -> S- False 0.45 8 []
2b L3 5003 (-1.5, 0) 20 S- -> S- False 0.47 9 []
2b L3 5005 (-1.5, 0) 20 S- -> S- False 0.43 8 []
2b L3 5002 (-1.5, 0) 40 S- -> S+ True 1.58 8 []
2b L3 5003 (-1.5, 0) 40 S- -> TRANS False 1.39 9 []
2b L3 5005 (-1.5, 0) 40 S- -> S+ True 1.53 8 []
2b L3 5002 (-1.5, 0) 80 S- -> S+ True 1.6 8 []
2b L3 5003 (-1.5, 0) 80 S- -> S+ True 1.6 9 []
2b L3 5005 (-1.5, 0) 80 S- -> S+ True 1.56 8 []
2b L3 5002 (0, 1.5) 10 S- -> S- False 0.1 5 []
2b L3 5003 (0, 1.5) 10 S- -> S- False 0.12 5 []
2b L3 5005 (0, 1.5) 10 S- -> S- False 0.11 5 []
2b L3 5002 (0, 1.5) 20 S- -> S- False 0.23 5 []
2b L3 5003 (0, 1.5) 20 S- -> S- False 0.24 5 []
2b L3 5005 (0, 1.5) 20 S- -> S- False 0.24 5 []
2b L3 5002 (0, 1.5) 40 S- -> S- False 0.53 5 []
2b L3 5003 (0, 1.5) 40 S- -> S- False 0.51 5 []
2b L3 5005 (0, 1.5) 40 S- -> S- False 0.5 5 []
2b L3 5002 (0, 1.5) 80 S- -> S+ True 1.6 5 []
2b L3 5003 (0, 1.5) 80 S- -> S+ True 1.6 5 []
2b L3 5005 (0, 1.5) 80 S- -> S+ True 1.56 5 []
2b L3 5002 (0, -1.5) 10 S- -> S- False 0.12 5 []
2b L3 5003 (0, -1.5) 10 S- -> S- False 0.14 5 []
2b L3 5005 (0, -1.5) 10 S- -> S- False 0.11 5 []
2b L3 5002 (0, -1.5) 20 S- -> S- False 0.25 5 []
2b L3 5003 (0, -1.5) 20 S- -> S- False 0.26 5 []
2b L3 5005 (0, -1.5) 20 S- -> S- False 0.24 5 []
2b L3 5002 (0, -1.5) 40 S- -> S- False 0.53 5 []
2b L3 5003 (0, -1.5) 40 S- -> S- False 0.52 5 []
2b L3 5005 (0, -1.5) 40 S- -> S- False 0.49 5 []
2b L3 5002 (0, -1.5) 80 S- -> S+ True 1.6 5 []
2b L3 5003 (0, -1.5) 80 S- -> S+ True 1.6 5 []
2b L3 5005 (0, -1.5) 80 S- -> S+ True 1.56 5 []
2b L3 5002 (3, 0) 10 S- -> S- False 0.14 6 []
2b L3 5003 (3, 0) 10 S- -> S- False 0.15 6 []
2b L3 5005 (3, 0) 10 S- -> S- False 0.1 6 []
2b L3 5002 (3, 0) 20 S- -> S- False 0.26 6 []
2b L3 5003 (3, 0) 20 S- -> S- False 0.27 6 []
2b L3 5005 (3, 0) 20 S- -> S- False 0.22 6 []
2b L3 5002 (3, 0) 40 S- -> S- False 0.39 6 []
2b L3 5003 (3, 0) 40 S- -> S- False 0.44 6 []
2b L3 5005 (3, 0) 40 S- -> S- False 0.39 6 []
2b L3 5002 (3, 0) 80 S- -> S- False 0.55 6 []
2b L3 5003 (3, 0) 80 S- -> S- False 0.62 6 []
2b L3 5005 (3, 0) 80 S- -> S- False 0.59 6 []
2b L3 5002 (-3, 0) 10 S- -> S- False 0.1 5 []
2b L3 5003 (-3, 0) 10 S- -> S- False 0.12 6 []
2b L3 5005 (-3, 0) 10 S- -> S- False 0.1 5 []
2b L3 5002 (-3, 0) 20 S- -> S- False 0.22 5 []
2b L3 5003 (-3, 0) 20 S- -> S- False 0.24 6 []
2b L3 5005 (-3, 0) 20 S- -> S- False 0.21 5 []
2b L3 5002 (-3, 0) 40 S- -> S- False 0.44 5 []
2b L3 5003 (-3, 0) 40 S- -> S- False 0.46 6 []
2b L3 5005 (-3, 0) 40 S- -> S- False 0.42 5 []
2b L3 5002 (-3, 0) 80 S- -> S- False 0.74 5 []
2b L3 5003 (-3, 0) 80 S- -> TRANS False 0.79 6 []
2b L3 5005 (-3, 0) 80 S- -> S- False 0.71 5 []
2a L4 5001 2.0 5 S+ -> S+ False 0.05 2.6 []
2a L4 5004 2.0 5 S+ -> S+ False 0.05 2.0 []
2a L4 5010 2.0 5 S+ -> S+ False 0.08 3.6 []
2a L4 5001 2.0 10 S+ -> S+ False 0.1 2.6 []
2a L4 5004 2.0 10 S+ -> S+ False 0.06 2.0 []
2a L4 5010 2.0 10 S+ -> S+ False 0.12 3.7 []
2a L4 5001 2.0 20 S+ -> S+ False 0.15 2.6 []
2a L4 5004 2.0 20 S+ -> S+ False 0.1 2.0 []
2a L4 5010 2.0 20 S+ -> S+ False 0.17 4.0 []
2a L4 5001 2.0 40 S+ -> S+ False 0.19 2.6 []
2a L4 5004 2.0 40 S+ -> S+ False 0.14 2.0 []
2a L4 5010 2.0 40 S+ -> S+ False 0.22 4.4 []
2a L4 5001 2.0 80 S+ -> S+ False 0.23 2.9 []
2a L4 5004 2.0 80 S+ -> S+ False 0.17 2.0 []
2a L4 5010 2.0 80 S+ -> S+ False 0.26 4.7 []
2a L4 5001 2.0 160 S+ -> S+ False 0.25 3.0 []
2a L4 5004 2.0 160 S+ -> S+ False 0.19 2.0 []
2a L4 5010 2.0 160 S+ -> S+ False 0.28 4.9 []
2a L4 5001 5.0 5 S+ -> S+ False 0.08 2.6 []
2a L4 5004 5.0 5 S+ -> S+ False 0.06 2.0 []
2a L4 5010 5.0 5 S+ -> S+ False 0.1 3.7 []
2a L4 5001 5.0 10 S+ -> S+ False 0.17 2.9 []
2a L4 5004 5.0 10 S+ -> S+ False 0.14 2.0 []
2a L4 5010 5.0 10 S+ -> S+ False 0.19 4.9 []
2a L4 5001 5.0 20 S+ -> S+ False 0.32 4.8 []
2a L4 5004 5.0 20 S+ -> S+ False 0.27 2.0 []
2a L4 5010 5.0 20 S+ -> S+ False 0.35 6.7 []
2a L4 5001 5.0 40 S+ -> S+ False 0.52 9.0 []
2a L4 5004 5.0 40 S+ -> S+ False 0.46 2.1 []
2a L4 5010 5.0 40 S+ -> S+ False 0.54 7.4 []
2a L4 5001 5.0 80 S+ -> S- True 1.55 6.6 []
2a L4 5004 5.0 80 S+ -> S+ False 0.63 3.4 []
2a L4 5010 5.0 80 S+ -> S- True 1.57 6.7 []
2a L4 5001 5.0 160 S+ -> S- True 1.57 3.3 []
2a L4 5004 5.0 160 S+ -> S+ False 0.78 5.0 []
2a L4 5010 5.0 160 S+ -> S- True 1.57 5.8 []
2a L4 5001 10.0 5 S+ -> S+ False 0.09 2.6 []
2a L4 5004 10.0 5 S+ -> S+ False 0.06 2.3 []
2a L4 5010 10.0 5 S+ -> S+ False 0.1 4.5 []
2a L4 5001 10.0 10 S+ -> S+ False 0.21 4.2 []
2a L4 5004 10.0 10 S+ -> S+ False 0.15 2.3 []
2a L4 5010 10.0 10 S+ -> S+ False 0.22 6.2 []
2a L4 5001 10.0 20 S+ -> S+ False 0.49 9.1 []
2a L4 5004 10.0 20 S+ -> S+ False 0.37 2.3 []
2a L4 5010 10.0 20 S+ -> S+ False 0.47 7.1 []
2a L4 5001 10.0 40 S+ -> S- True 1.57 3.4 []
2a L4 5004 10.0 40 S+ -> S+ False 0.72 5.0 []
2a L4 5010 10.0 40 S+ -> S- True 1.57 5.1 []
2a L4 5001 10.0 80 S+ -> S- True 1.57 2.4 []
2a L4 5004 10.0 80 S+ -> S- True 1.55 2.5 []
2a L4 5010 10.0 80 S+ -> S- True 1.59 3.1 []
2a L4 5001 10.0 160 S+ -> S- True 1.57 2.4 []
2a L4 5004 10.0 160 S+ -> S- True 1.56 2.3 []
2a L4 5010 10.0 160 S+ -> S- True 1.6 2.8 []
2a L4 5001 30.0 5 S+ -> S+ False 0.1 2.9 []
2a L4 5004 30.0 5 S+ -> S+ False 0.05 2.7 []
2a L4 5010 30.0 5 S+ -> S+ False 0.1 4.4 []
2a L4 5001 30.0 10 S+ -> S+ False 0.23 5.0 []
2a L4 5004 30.0 10 S+ -> S+ False 0.13 2.7 []
2a L4 5010 30.0 10 S+ -> S+ False 0.18 5.6 []
2a L4 5001 30.0 20 S+ -> S- True 1.57 8.2 []
2a L4 5004 30.0 20 S+ -> S+ False 0.43 2.7 []
2a L4 5010 30.0 20 S+ -> TRANS False 0.77 5.8 []
2a L4 5001 30.0 40 S+ -> S- True 1.57 4.4 []
2a L4 5004 30.0 40 S+ -> S- True 1.55 2.7 []
2a L4 5010 30.0 40 S+ -> S- True 1.58 6.8 []
2a L4 5001 30.0 80 S+ -> S- True 1.58 2.5 []
2a L4 5004 30.0 80 S+ -> S- True 1.55 2.9 []
2a L4 5010 30.0 80 S+ -> S- True 1.6 5.7 []
2a L4 5001 30.0 160 S+ -> S- True 1.58 2.4 []
2a L4 5004 30.0 160 S+ -> S- True 1.57 2.7 []
2a L4 5010 30.0 160 S+ -> S- True 1.61 3.5 []
2b L4 5001 (1.5, 0) 10 S+ -> S+ False 0.16 6 []
2b L4 5004 (1.5, 0) 10 S+ -> S+ False 0.1 6 []
2b L4 5010 (1.5, 0) 10 S+ -> S+ False 0.17 7 []
2b L4 5001 (1.5, 0) 20 S+ -> S+ False 0.36 6 []
2b L4 5004 (1.5, 0) 20 S+ -> S+ False 0.26 6 []
2b L4 5010 (1.5, 0) 20 S+ -> S+ False 0.36 7 []
2b L4 5001 (1.5, 0) 40 S+ -> S- True 1.57 6 []
2b L4 5004 (1.5, 0) 40 S+ -> S+ False 0.5 6 []
2b L4 5010 (1.5, 0) 40 S+ -> TRANS False 1.45 7 []
2b L4 5001 (1.5, 0) 80 S+ -> S- True 1.57 6 []
2b L4 5004 (1.5, 0) 80 S+ -> S- True 1.54 6 []
2b L4 5010 (1.5, 0) 80 S+ -> S- True 1.57 7 []
2b L4 5001 (-1.5, 0) 10 S+ -> S+ False 0.22 8 []
2b L4 5004 (-1.5, 0) 10 S+ -> S+ False 0.16 8 []
2b L4 5010 (-1.5, 0) 10 S+ -> S+ False 0.23 7 []
2b L4 5001 (-1.5, 0) 20 S+ -> S+ False 0.53 8 []
2b L4 5004 (-1.5, 0) 20 S+ -> S+ False 0.38 8 []
2b L4 5010 (-1.5, 0) 20 S+ -> S+ False 0.49 7 []
2b L4 5001 (-1.5, 0) 40 S+ -> S- True 1.57 8 []
2b L4 5004 (-1.5, 0) 40 S+ -> S+ False 0.69 8 []
2b L4 5010 (-1.5, 0) 40 S+ -> S- True 1.57 7 []
2b L4 5001 (-1.5, 0) 80 S+ -> S- True 1.57 8 []
2b L4 5004 (-1.5, 0) 80 S+ -> S- True 1.55 8 []
2b L4 5010 (-1.5, 0) 80 S+ -> S- True 1.57 7 []
2b L4 5001 (0, 1.5) 10 S+ -> S+ False 0.11 4 []
2b L4 5004 (0, 1.5) 10 S+ -> S+ False 0.08 4 []
2b L4 5010 (0, 1.5) 10 S+ -> S+ False 0.12 5 []
2b L4 5001 (0, 1.5) 20 S+ -> S+ False 0.25 4 []
2b L4 5004 (0, 1.5) 20 S+ -> S+ False 0.2 4 []
2b L4 5010 (0, 1.5) 20 S+ -> S+ False 0.26 5 []
2b L4 5001 (0, 1.5) 40 S+ -> S+ False 0.61 4 []
2b L4 5004 (0, 1.5) 40 S+ -> S+ False 0.44 4 []
2b L4 5010 (0, 1.5) 40 S+ -> S+ False 0.54 5 []
2b L4 5001 (0, 1.5) 80 S+ -> S- True 1.57 4 []
2b L4 5004 (0, 1.5) 80 S+ -> S- True 1.52 4 []
2b L4 5010 (0, 1.5) 80 S+ -> S- True 1.57 5 []
2b L4 5001 (0, -1.5) 10 S+ -> S+ False 0.11 4 []
2b L4 5004 (0, -1.5) 10 S+ -> S+ False 0.07 5 []
2b L4 5010 (0, -1.5) 10 S+ -> S+ False 0.12 5 []
2b L4 5001 (0, -1.5) 20 S+ -> S+ False 0.25 4 []
2b L4 5004 (0, -1.5) 20 S+ -> S+ False 0.17 5 []
2b L4 5010 (0, -1.5) 20 S+ -> S+ False 0.26 5 []
2b L4 5001 (0, -1.5) 40 S+ -> S+ False 0.57 4 []
2b L4 5004 (0, -1.5) 40 S+ -> S+ False 0.41 5 []
2b L4 5010 (0, -1.5) 40 S+ -> S+ False 0.52 5 []
2b L4 5001 (0, -1.5) 80 S+ -> S- True 1.57 4 []
2b L4 5004 (0, -1.5) 80 S+ -> S- True 1.55 5 []
2b L4 5010 (0, -1.5) 80 S+ -> S- True 1.57 5 []
2b L4 5001 (3, 0) 10 S+ -> S+ False 0.11 6 []
2b L4 5004 (3, 0) 10 S+ -> S+ False 0.07 6 []
2b L4 5010 (3, 0) 10 S+ -> S+ False 0.13 6 []
2b L4 5001 (3, 0) 20 S+ -> S+ False 0.25 6 []
2b L4 5004 (3, 0) 20 S+ -> S+ False 0.17 6 []
2b L4 5010 (3, 0) 20 S+ -> S+ False 0.25 6 []
2b L4 5001 (3, 0) 40 S+ -> S+ False 0.47 6 []
2b L4 5004 (3, 0) 40 S+ -> S+ False 0.31 6 []
2b L4 5010 (3, 0) 40 S+ -> S+ False 0.42 6 []
2b L4 5001 (3, 0) 80 S+ -> TRANS False 0.87 6 []
2b L4 5004 (3, 0) 80 S+ -> S+ False 0.49 6 []
2b L4 5010 (3, 0) 80 S+ -> S+ False 0.66 6 []
2b L4 5001 (-3, 0) 10 S+ -> S+ False 0.1 5 []
2b L4 5004 (-3, 0) 10 S+ -> S+ False 0.07 6 []
2b L4 5010 (-3, 0) 10 S+ -> S+ False 0.12 6 []
2b L4 5001 (-3, 0) 20 S+ -> S+ False 0.23 5 []
2b L4 5004 (-3, 0) 20 S+ -> S+ False 0.17 6 []
2b L4 5010 (-3, 0) 20 S+ -> S+ False 0.25 6 []
2b L4 5001 (-3, 0) 40 S+ -> S+ False 0.49 5 []
2b L4 5004 (-3, 0) 40 S+ -> S+ False 0.37 6 []
2b L4 5010 (-3, 0) 40 S+ -> S+ False 0.5 6 []
2b L4 5001 (-3, 0) 80 S+ -> S- True 1.57 5 []
2b L4 5004 (-3, 0) 80 S+ -> S+ False 0.61 6 []
2b L4 5010 (-3, 0) 80 S+ -> S- True 1.57 6 []
