5001 L1 1.0 S+ -> S+ flip False umaxdev 0.04 patdz 2.6 mst 1.07 [] dose 60.0
5001 L1 5.0 S+ -> S+ flip False umaxdev 0.04 patdz 2.6 mst 1.07 [] dose 300.0
5001 L1 25.0 S+ -> TRANS flip False umaxdev 0.05 patdz 164.9 mst 81.84 ['SPLIT'] dose 1500.0
5001 L2 1.0 S+ -> S+ flip False umaxdev 0.04 patdz 11.6 mst 1.24 [] dose 60.0
5001 L2 5.0 S+ -> S+ flip False umaxdev 0.04 patdz 20.2 mst 3.81 ['SPLIT'] dose 300.0
5001 L2 25.0 S+ -> TRANS flip False umaxdev 0.04 patdz 62.7 mst 234.14 ['SPLIT'] dose 1500.0
5001 L3 1.0 S+ -> S+ flip False umaxdev 0.04 patdz 2.6 mst 1.07 [] dose 60.0
5001 L3 5.0 S+ -> S+ flip False umaxdev 0.04 patdz 2.6 mst 1.07 [] dose 300.0
5001 L3 25.0 S+ -> S+ flip False umaxdev 0.05 patdz 2.6 mst 1.07 [] dose 1500.0
5001 L4 1.0 S+ -> S+ flip False umaxdev 0.21 patdz 4.2 mst 1.07 [] dose 60.0
5001 L4 5.0 S+ -> S- flip True umaxdev 1.57 patdz 2.4 mst 1.07 [] dose 300.0
5001 L4 25.0 S+ -> S- flip True umaxdev 1.58 patdz 2.4 mst 1.07 [] dose 1500.0
5001 L5 1.0 S+ -> S+ flip False umaxdev 0.04 patdz 21.9 mst 1.22 [] dose 60.0
5001 L5 5.0 S+ -> TRANS flip False umaxdev 0.25 patdz 5.048865230351678e+18 mst 50663640.91 ['EXTRUSION', 'SPLIT'] dose 300.0
5001 L5 25.0 S+ -> TRANS flip False umaxdev 0.55 patdz 1.6240617198124654e+18 mst 3902.09 ['EXTRUSION'] dose 1500.0
5002 L1 1.0 S- -> S- flip False umaxdev 0.04 patdz 2.4 mst 1.06 [] dose 60.0
5002 L1 5.0 S- -> S- flip False umaxdev 0.04 patdz 2.4 mst 1.06 [] dose 300.0
5002 L1 25.0 S- -> TRANS flip False umaxdev 0.05 patdz 81.3 mst 235.94 ['SPLIT'] dose 1500.0
5002 L2 1.0 S- -> S- flip False umaxdev 0.04 patdz 10.0 mst 1.15 [] dose 60.0
5002 L2 5.0 S- -> S- flip False umaxdev 0.04 patdz 21.6 mst 3.81 ['SPLIT'] dose 300.0
5002 L2 25.0 S- -> TRANS flip False umaxdev 0.11 patdz 71.9 mst 14.07 ['SPLIT'] dose 1500.0
5002 L3 1.0 S- -> S- flip False umaxdev 0.2 patdz 3.7 mst 1.06 [] dose 60.0
5002 L3 5.0 S- -> S+ flip True umaxdev 1.6 patdz 5.0 mst 1.06 [] dose 300.0
5002 L3 25.0 S- -> S+ flip True umaxdev 1.6 patdz 3.1 mst 1.06 [] dose 1500.0
5002 L4 1.0 S- -> S- flip False umaxdev 0.04 patdz 2.3 mst 1.06 [] dose 60.0
5002 L4 5.0 S- -> S- flip False umaxdev 0.04 patdz 2.2 mst 1.06 [] dose 300.0
5002 L4 25.0 S- -> S- flip False umaxdev 0.04 patdz 2.2 mst 1.06 [] dose 1500.0
5002 L5 1.0 S- -> S- flip False umaxdev 0.04 patdz 21.2 mst 1.44 [] dose 60.0
5002 L5 5.0 S- -> TRANS flip False umaxdev 0.18 patdz 2.5491514405597164e+19 mst 56.03 ['SPLIT'] dose 300.0
5002 L5 25.0 S- -> TRANS flip False umaxdev 0.56 patdz 1.994043733934566e+18 mst 3813.11 ['EXTRUSION'] dose 1500.0
