L3 5002 C 5.0 amp* 20.59164370733146 dose* 617.7493 cells 6 dmg 0
L3 5002 C 10.0 amp* 3.3377375210321336 dose* 200.2643 cells 6 dmg 0
L3 5002 C 20.0 amp* 1.4585329474434219 dose* 175.024 cells 6 dmg 0
L3 5002 C 40.0 amp* 0.7521206186172787 dose* 180.5089 cells 6 dmg 0
L3 5002 side 5.0 amp* 35.149660346010286 dose* 878.7415 cells 5 dmg 0
L3 5002 side 10.0 amp* 6.4726322132922585 dose* 323.6316 cells 5 dmg 0
L3 5002 side 20.0 amp* 2.3968331690522358 dose* 239.6833 cells 5 dmg 0
L3 5002 side 40.0 amp* 1.4585329474434219 dose* 291.7066 cells 5 dmg 0
L3 5002 head 5.0 amp* None dose* None cells None dmg 0
L3 5002 head 10.0 amp* 24.34100072171748 dose* 1460.46 cells 6 dmg 0
L3 5002 head 20.0 amp* 9.013538229149901 dose* 1081.6246 cells 6 dmg 0
L3 5002 head 40.0 amp* 3.938758634378967 dose* 945.3021 cells 6 dmg 0
L3 5002 tail 5.0 amp* None dose* None cells None dmg 0
L3 5002 tail 10.0 amp* 10.63659179388998 dose* 531.8296 cells 5 dmg 0
L3 5002 tail 20.0 amp* 3.3377375210321336 dose* 333.7738 cells 5 dmg 0
L3 5002 tail 40.0 amp* 1.7211686671193085 dose* 344.2337 cells 5 dmg 0
L3 5002 whole 10.0 amp* 1.2359732078660561 dose* 296.6336 cells 24 dmg 0
L3 5002 whole 40.0 amp* 0.32866356200639907 dose* 315.517 cells 24 dmg 0
L3 5005 C 5.0 amp* 24.60940164352671 dose* 861.3291 cells 7 dmg 0
L3 5005 C 10.0 amp* 3.938758634378967 dose* 275.7131 cells 7 dmg 0
L3 5005 C 20.0 amp* 1.7211686671193085 dose* 240.9636 cells 7 dmg 0
L3 5005 C 40.0 amp* 0.7521206186172787 dose* 210.5938 cells 7 dmg 0
L3 5005 side 5.0 amp* 50.204334113295026 dose* 1255.1084 cells 5 dmg 0
L3 5005 side 10.0 amp* 6.4726322132922585 dose* 323.6316 cells 5 dmg 0
L3 5005 side 20.0 amp* 2.8284271247461903 dose* 282.8427 cells 5 dmg 0
L3 5005 side 40.0 amp* 1.4585329474434219 dose* 291.7066 cells 5 dmg 0
L3 5005 head 5.0 amp* None dose* None cells None dmg 0
L3 5005 head 10.0 amp* 24.34100072171748 dose* 1460.46 cells 6 dmg 0
L3 5005 head 20.0 amp* 7.638148852813548 dose* 916.5779 cells 6 dmg 0
L3 5005 head 40.0 amp* 2.3968331690522358 dose* 575.24 cells 6 dmg 0
L3 5005 tail 5.0 amp* None dose* None cells None dmg 0
L3 5005 tail 10.0 amp* 10.63659179388998 dose* 531.8296 cells 5 dmg 0
L3 5005 tail 20.0 amp* 3.3377375210321336 dose* 333.7738 cells 5 dmg 0
L3 5005 tail 40.0 amp* 1.4585329474434219 dose* 291.7066 cells 5 dmg 0
L3 5005 whole 10.0 amp* 1.4585329474434219 dose* 350.0479 cells 24 dmg 0
L3 5005 whole 40.0 amp* 0.32866356200639907 dose* 315.517 cells 24 dmg 0
L4 5001 C 5.0 amp* 12.063154704646012 dose* 361.8946 cells 6 dmg 0
L4 5001 C 10.0 amp* 2.8284271247461903 dose* 169.7056 cells 6 dmg 0
L4 5001 C 20.0 amp* 1.0473741942137154 dose* 125.6849 cells 6 dmg 0
L4 5001 C 40.0 amp* 0.5400986849536706 dose* 129.6237 cells 6 dmg 0
L4 5001 side 5.0 amp* 20.59164370733146 dose* 411.8329 cells 4 dmg 0
L4 5001 side 10.0 amp* 4.648004668473003 dose* 185.9202 cells 4 dmg 0
L4 5001 side 20.0 amp* 2.0310967852086677 dose* 162.4877 cells 4 dmg 0
L4 5001 side 40.0 amp* 1.0473741942137154 dose* 167.5799 cells 4 dmg 0
L4 5001 head 5.0 amp* None dose* None cells None dmg 0
L4 5001 head 10.0 amp* 10.63659179388998 dose* 638.1955 cells 6 dmg 0
L4 5001 head 20.0 amp* 3.938758634378967 dose* 472.651 cells 6 dmg 0
L4 5001 head 40.0 amp* 2.0310967852086677 dose* 487.4632 cells 6 dmg 0
L4 5001 tail 5.0 amp* 29.411088199665635 dose* 735.2772 cells 5 dmg 0
L4 5001 tail 10.0 amp* 5.484963513524147 dose* 274.2482 cells 5 dmg 0
L4 5001 tail 20.0 amp* 2.3968331690522358 dose* 239.6833 cells 5 dmg 0
L4 5001 tail 40.0 amp* 1.2359732078660561 dose* 247.1946 cells 5 dmg 0
L4 5001 whole 10.0 amp* 1.0473741942137154 dose* 251.3698 cells 24 dmg 0
L4 5001 whole 40.0 amp* 0.23601368349425988 dose* 226.5731 cells 24 dmg 0
L4 5004 C 5.0 amp* 42.00791939598934 dose* 1470.2772 cells 7 dmg 0
L4 5004 C 10.0 amp* 4.648004668473003 dose* 325.3603 cells 7 dmg 0
L4 5004 C 20.0 amp* 1.7211686671193085 dose* 240.9636 cells 7 dmg 0
L4 5004 C 40.0 amp* 0.7521206186172787 dose* 210.5938 cells 7 dmg 0
L4 5004 side 5.0 amp* None dose* None cells None dmg 0
L4 5004 side 10.0 amp* 9.013538229149901 dose* 360.5415 cells 4 dmg 0
L4 5004 side 20.0 amp* 2.8284271247461903 dose* 226.2742 cells 4 dmg 0
L4 5004 side 40.0 amp* 1.2359732078660561 dose* 197.7557 cells 4 dmg 0
L4 5004 head 5.0 amp* None dose* None cells None dmg 0
L4 5004 head 10.0 amp* 28.724046201344898 dose* 1723.4428 cells 6 dmg 0
L4 5004 head 20.0 amp* 9.013538229149901 dose* 1081.6246 cells 6 dmg 0
L4 5004 head 40.0 amp* 2.8284271247461903 dose* 678.8225 cells 6 dmg 0
L4 5004 tail 5.0 amp* None dose* None cells None dmg 0
L4 5004 tail 10.0 amp* 12.551906045503955 dose* 753.1144 cells 6 dmg 0
L4 5004 tail 20.0 amp* 3.938758634378967 dose* 472.651 cells 6 dmg 0
L4 5004 tail 40.0 amp* 1.7211686671193085 dose* 413.0805 cells 6 dmg 0
L4 5004 whole 10.0 amp* 1.7211686671193085 dose* 413.0805 cells 24 dmg 0
L4 5004 whole 40.0 amp* 0.2785122939826433 dose* 267.3718 cells 24 dmg 0
